******************************************************************************
                  TI ARM Linker PC v20.2.5                     
******************************************************************************
>> Linked Thu Jan 19 19:48:42 2023

OUTPUT FILE NAME:   <SelfBalancingRobot.out>
ENTRY POINT SYMBOL: "_c_int00"  address: 00004b29


MEMORY CONFIGURATION

         name            origin    length      used     unused   attr    fill
----------------------  --------  ---------  --------  --------  ----  --------
  FLASH                 00000000   00040000  000088ac  00037754  R  X
  SRAM                  20000000   00008000  00001652  000069ae  RW X


SEGMENT ALLOCATION MAP

run origin  load origin   length   init length attrs members
----------  ----------- ---------- ----------- ----- -------
00000000    00000000    000088b8   000088b8    r-x
  00000000    00000000    0000003c   0000003c    r-- .resetVecs
  00000040    00000040    00006732   00006732    r-x .text
  00006778    00006778    00001f26   00001f26    r-- .const
  000086a0    000086a0    00000218   00000218    r-- .cinit
20000000    20000000    00001658   00000000    rw-
  20000000    20000000    00000360   00000000    rw- .vecs
  20000360    20000360    00000bb4   00000000    rw- .bss
  20000f18    20000f18    0000043e   00000000    rw- .data
  20001358    20001358    00000300   00000000    rw- .stack


SECTION ALLOCATION MAP

 output                                  attributes/
section   page    origin      length       input sections
--------  ----  ----------  ----------   ----------------
.text      0    00000040    00006732     
                  00000040    00000430     sysbios.aem4f : BIOS.obj (.text:ti_sysbios_family_arm_m3_Hwi_excDumpRegs__I)
                  00000470    0000034c     ti.targets.arm.rtsarm.aem4f : System.oem4f (.text:xdc_runtime_System_doPrint__I)
                  000007bc    0000030c     uartstdio.obj (.text:UARTvprintf)
                  00000ac8    000002ec     rtsv7M4_T_le_v4SPD16_eabi.lib : s_atan.c.obj (.text:atan)
                  00000db4    00000004     driverlib.lib : i2c.obj (.text:I2CMasterControl)
                  00000db8    000002d0     sysbios.aem4f : BIOS.obj (.text:ti_sysbios_knl_Semaphore_pend__E)
                  00001088    00000274     main.obj (.text:PID)
                  000012fc    00000004     driverlib.lib : i2c.obj (.text:I2CMasterDataGet)
                  00001300    0000026c     sysbios.aem4f : BIOS.obj (.text:ti_sysbios_heaps_HeapMem_free__E)
                  0000156c    00000004     driverlib.lib : i2c.obj (.text:I2CMasterDataPut)
                  00001570    00000250     sysbios.aem4f : BIOS.obj (.text:ti_sysbios_heaps_HeapMem_alloc__E)
                  000017c0    000001f4                   : BIOS.obj (.text:ti_sysbios_family_arm_m3_Hwi_excHandlerMax__I)
                  000019b4    000001e4     rtsv7M4_T_le_v4SPD16_eabi.lib : e_atan2.c.obj (.text:atan2)
                  00001b98    000001b6                                   : fd_add_t2.asm.obj (.text)
                  00001d4e    00000002                                   : _lock.c.obj (.text:_nop)
                  00001d50    00000174     sysbios.aem4f : BIOS.obj (.text:ti_sysbios_family_arm_m3_Hwi_excBusFault__I)
                  00001ec4    00000004     rtsv7M4_T_le_v4SPD16_eabi.lib : exit.c.obj (.text:abort:abort)
                  00001ec8    00000164     sysbios.aem4f : BIOS.obj (.text:ti_sysbios_family_arm_m3_Hwi_excUsageFault__I)
                  0000202c    00000004     empty_pem4f.oem4f (.text:ti_sysbios_BIOS_RtsGateProxy_enter__E)
                  00002030    00000148     sysbios.aem4f : BIOS.obj (.text:ti_sysbios_family_arm_m3_Hwi_excMemFault__I)
                  00002178    00000144     main.obj (.text:getPIDConstants)
                  000022bc    00000004     empty_pem4f.oem4f (.text:ti_sysbios_BIOS_RtsGateProxy_leave__E)
                  000022c0    0000013c     sysbios.aem4f : BIOS.obj (.text:ti_sysbios_heaps_HeapMem_Instance_init__E)
                  000023fc    00000136     rtsv7M4_T_le_v4SPD16_eabi.lib : fd_div_t2.asm.obj (.text)
                  00002532    00000006     driverlib.lib : gpio.obj (.text:GPIOPinRead)
                  00002538    00000134     sysbios.aem4f : BIOS.obj (.text:ti_sysbios_family_arm_lm4_Timer_start__E)
                  0000266c    00000130     driverlib.lib : gpio.obj (.text:GPIOPadConfigSet)
                  0000279c    00000130     main.obj (.text:readData)
                  000028cc    00000118     main.obj (.text:GetAngle)
                  000029e4    00000118     ti.targets.arm.rtsarm.aem4f : Error.oem4f (.text:xdc_runtime_Error_policyDefault__E)
                  00002afc    00000110     main.obj (.text:CalibrateGyroAndAccelerometer)
                  00002c0c    0000010c     driverlib.lib : sysctl.obj (.text:SysCtlClockGet)
                  00002d18    00000100     Boot.aem4f : Boot_sysctl.oem4f (.text:ti_catalog_arm_cortexm4_tiva_ce_Boot_sysCtlClockSetI__I)
                  00002e18    00000100     ti.targets.arm.rtsarm.aem4f : Core-mem.oem4f (.text:xdc_runtime_Core_createObject__I)
                  00002f18    000000fc     rtsv7M4_T_le_v4SPD16_eabi.lib : fd_mul_t2.asm.obj (.text)
                  00003014    000000f8     ti.targets.arm.rtsarm.aem4f : Startup.oem4f (.text:xdc_runtime_Startup_startMods__I)
                  0000310c    000000f8     empty_pem4f.oem4f (.text:xdc_runtime_System_printfExtend__I)
                  00003204    000000f4     sysbios.aem4f : m3_Hwi_asm.obj (.text:ti_sysbios_family_arm_m3_Hwi_dispatch__I)
                  000032f8    000000f0     driverlib.lib : sysctl.obj (.text:SysCtlClockSet)
                  000033e8    000000ec     sysbios.aem4f : BIOS.obj (.text:ti_sysbios_knl_Semaphore_post__E)
                  000034d4    000000cc     main.obj (.text:MPU6050_Config)
                  000035a0    000000cc     ti.targets.arm.rtsarm.aem4f : Core-smem.oem4f (.text:xdc_runtime_Core_constructObject__I)
                  0000366c    00000004     sysbios.aem4f : BIOS.obj (.text:ti_sysbios_family_arm_lm4_Timer_masterEnable__I)
                  00003670    000000bc                   : BIOS.obj (.text:ti_sysbios_family_arm_m3_Hwi_excDebugMon__I)
                  0000372c    00000004     empty_pem4f.oem4f (.text:ti_sysbios_family_arm_m3_TaskSupport_Module__startupDone__S)
                  00003730    000000bc     sysbios.aem4f : BIOS.obj (.text:ti_sysbios_family_arm_m3_Hwi_excHardFault__I)
                  000037ec    000000b8     main.obj (.text:ADC_Config)
                  000038a4    00000004     empty_pem4f.oem4f (.text:ti_sysbios_heaps_HeapMem_Module_GateProxy_enter__E)
                  000038a8    000000b4     sysbios.aem4f : BIOS.obj (.text:ti_sysbios_gates_GateMutex_enter__E)
                  0000395c    00000004     empty_pem4f.oem4f (.text:ti_sysbios_heaps_HeapMem_Module_GateProxy_leave__E)
                  00003960    000000b4     sysbios.aem4f : BIOS.obj (.text:ti_sysbios_knl_Task_checkStacks__E)
                  00003a14    00000004     empty_pem4f.oem4f (.text:ti_sysbios_knl_Clock_TimerProxy_getMaxTicks__E)
                  00003a18    000000ac     sysbios.aem4f : BIOS.obj (.text:ti_sysbios_family_arm_lm4_Timer_enableTiva__I)
                  00003ac4    00000004     empty_pem4f.oem4f (.text:ti_sysbios_knl_Queue_destruct)
                  00003ac8    000000a8     sysbios.aem4f : BIOS.obj (.text:ti_sysbios_family_arm_lm4_Timer_enableTimers__I)
                  00003b70    000000a8                   : BIOS.obj (.text:ti_sysbios_knl_Task_postInit__I)
                  00003c18    000000a0     auto_init.aem4f : auto_init.oem4f (.text)
                  00003cb8    000000a0     ti.targets.arm.rtsarm.aem4f : Text.oem4f (.text:xdc_runtime_Text_putMod__E)
                  00003d58    0000009c     rtsv7M4_T_le_v4SPD16_eabi.lib : memcpy_t2.asm.obj (.text)
                  00003df4    00000004     empty_pem4f.oem4f (.text:ti_sysbios_knl_Semaphore_destruct)
                  00003df8    0000009c     sysbios.aem4f : BIOS.obj (.text:ti_sysbios_knl_Semaphore_Instance_init__E)
                  00003e94    0000009a     ti.targets.arm.rtsarm.aem4f : Text.oem4f (.text:xdc_runtime_Text_putSite__E)
                  00003f2e    00000002     rtsv7M4_T_le_v4SPD16_eabi.lib : div0.asm.obj (.text)
                  00003f30    00000098     Boot.aem4f : Boot.oem4f (.text:ti_catalog_arm_cortexm4_tiva_ce_Boot_sysCtlClockSet__E)
                  00003fc8    00000094     sysbios.aem4f : BIOS.obj (.text:ti_sysbios_family_arm_m3_Hwi_initNVIC__E)
                  0000405c    00000090     main.obj (.text:PWM_Config)
                  000040ec    0000008c     sysbios.aem4f : m3_TaskSupport_asm.obj (.text:ti_sysbios_family_arm_m3_TaskSupport_buildTaskStack)
                  00004178    00000086     rtsv7M4_T_le_v4SPD16_eabi.lib : fd_cmp_t2.asm.obj (.text:__aeabi_cdrcmple)
                  000041fe    00000002     empty_pem4f.oem4f (.text:ti_sysbios_BIOS_nullFunc__I)
                  00004200    00000084     sysbios.aem4f : BIOS.obj (.text:ti_sysbios_family_arm_m3_Hwi_postInit__I)
                  00004284    00000080     main.obj (.text:GPIO_Config)
                  00004304    0000007a     driverlib.lib : adc.obj (.text:ADCSequenceStepConfigure)
                  0000437e    0000007a     rtsv7M4_T_le_v4SPD16_eabi.lib : memset_t2.asm.obj (.text)
                  000043f8    00000070     sysbios.aem4f : BIOS.obj (.text:ti_sysbios_knl_Clock_workFunc__E)
                  00004468    00000070                   : BIOS.obj (.text:ti_sysbios_knl_Task_exit__E)
                  000044d8    0000006d     ti.targets.arm.rtsarm.aem4f : System.oem4f (.text:xdc_runtime_System_formatNum__I)
                  00004545    00000001     --HOLE-- [fill = 0]
                  00004546    00000002     empty_pem4f.oem4f (.text:xdc_runtime_Startup_reset__I)
                  00004548    0000006c     sysbios.aem4f : BIOS.obj (.text:ti_sysbios_knl_Swi_restoreHwi__E)
                  000045b4    0000006c     ti.targets.arm.rtsarm.aem4f : Error.oem4f (.text:xdc_runtime_Error_print__E)
                  00004620    0000006c                                 : Memory.oem4f (.text:xdc_runtime_Memory_alloc__E)
                  0000468c    00000068     rtsv7M4_T_le_v4SPD16_eabi.lib : copy_decompress_lzss.c.obj (.text:decompress:lzss:__TI_decompress_lzss)
                  000046f4    00000066     ti.targets.arm.rtsarm.aem4f : Core-mem.oem4f (.text:xdc_runtime_Core_deleteObject__I)
                  0000475a    00000006     driverlib.lib : gpio.obj (.text:GPIOPinWrite)
                  00004760    00000064     sysbios.aem4f : BIOS.obj (.text:ti_sysbios_family_arm_lm4_Timer_Module_startup__E)
                  000047c4    00000004     ti.targets.arm.rtsarm.aem4f : Error.oem4f (.text:xdc_runtime_Error_getSite__E)
                  000047c8    00000064     sysbios.aem4f : BIOS.obj (.text:ti_sysbios_family_arm_m3_Hwi_dispatchC__I)
                  0000482c    00000060     driverlib.lib : timer.obj (.text:TimerConfigure)
                  0000488c    00000004     empty_pem4f.oem4f (.text:xdc_runtime_System_Module_GateProxy_enter__E)
                  00004890    00000060     sysbios.aem4f : BIOS.obj (.text:ti_sysbios_family_arm_lm4_Timer_isrStub__E)
                  000048f0    00000060                   : BIOS.obj (.text:ti_sysbios_knl_Task_schedule__I)
                  00004950    0000005c                   : BIOS.obj (.text:ti_sysbios_knl_Swi_run__I)
                  000049ac    00000004     empty_pem4f.oem4f (.text:xdc_runtime_System_Module_GateProxy_leave__E)
                  000049b0    0000005c     sysbios.aem4f : BIOS.obj (.text:ti_sysbios_knl_Swi_schedule__I)
                  00004a0c    00000004     ti.targets.arm.rtsarm.aem4f : System.oem4f (.text:xdc_runtime_System_aprintf_va__F)
                  00004a10    0000005c     sysbios.aem4f : BIOS.obj (.text:ti_sysbios_knl_Task_Module_startup__E)
                  00004a6c    00000004     ti.targets.arm.rtsarm.aem4f : System.oem4f (.text:xdc_runtime_System_printf_va__F)
                  00004a70    0000005c     sysbios.aem4f : BIOS.obj (.text:ti_sysbios_knl_Task_startCore__E)
                  00004acc    0000005b     ti.targets.arm.rtsarm.aem4f : Text.oem4f (.text:xdc_runtime_Text_putLab__E)
                  00004b27    00000001     --HOLE-- [fill = 0]
                  00004b28    00000058     boot.aem4f : boot.oem4f (.text)
                  00004b80    00000058     rtsv7M4_T_le_v4SPD16_eabi.lib : hostwrite.c.obj (.text:HOSTwrite)
                  00004bd8    00000058     sysbios.aem4f : m3_Hwi_asm_switch.obj (.text:ti_sysbios_family_arm_m3_Hwi_initStacks__E)
                  00004c30    00000054     main.obj (.text:I2C_Config)
                  00004c84    00000054     uartstdio.obj (.text:UARTStdioConfig)
                  00004cd8    00000054     main.obj (.text:UART_Config)
                  00004d2c    00000054     ti.targets.arm.rtsarm.aem4f : Assert.oem4f (.text:xdc_runtime_Assert_raise__I)
                  00004d80    00000050     drivers_tivaware.aem4f : GPIOTiva.oem4f (.text:GPIO_toggle)
                  00004dd0    00000050     sysbios.aem4f : BIOS.obj (.text:ti_sysbios_family_arm_m3_Hwi_Module_startup__E)
                  00004e20    00000050     ti.targets.arm.rtsarm.aem4f : Startup.oem4f (.text:xdc_runtime_Startup_exec__E)
                  00004e70    00000050                                 : Text.oem4f (.text:xdc_runtime_Text_visitRope2__I)
                  00004ec0    0000004c     uartstdio.obj (.text:UARTwrite)
                  00004f0c    0000004c     rtsv7M4_T_le_v4SPD16_eabi.lib : cpy_tbl.c.obj (.text:copy_in)
                  00004f58    0000004c     sysbios.aem4f : BIOS.obj (.text:ti_sysbios_heaps_HeapMem_getStats__E)
                  00004fa4    00000004     --HOLE-- [fill = 0]
                  00004fa8    0000004c                   : BIOS.obj (.text:ti_sysbios_knl_Swi_runLoop__I)
                  00004ff4    00000004     --HOLE-- [fill = 0]
                  00004ff8    0000004c                   : BIOS.obj (.text:ti_sysbios_knl_Task_allBlockedFunction__I)
                  00005044    00000048     driverlib.lib : gpio.obj (.text:GPIOPinConfigure)
                  0000508c    00000048                   : i2c.obj (.text:I2CMasterInitExpClk)
                  000050d4    00000048     rtsv7M4_T_le_v4SPD16_eabi.lib : fd_toi_t2.asm.obj (.text)
                  0000511c    00000004     --HOLE-- [fill = 0]
                  00005120    00000048     sysbios.aem4f : BIOS.obj (.text:ti_sysbios_family_arm_m3_Hwi_disableInterrupt__E)
                  00005168    00000048                   : BIOS.obj (.text:ti_sysbios_family_arm_m3_Hwi_enableInterrupt__E)
                  000051b0    00000048                   : BIOS.obj (.text:ti_sysbios_family_arm_m3_Hwi_excReserved__I)
                  000051f8    00000046     ti.targets.arm.rtsarm.aem4f : Core-params.oem4f (.text:xdc_runtime_Core_assignParams__I)
                  0000523e    00000002     --HOLE-- [fill = 0]
                  00005240    00000044     main.obj (.text:Timer_Config)
                  00005284    00000004     --HOLE-- [fill = 0]
                  00005288    00000044     sysbios.aem4f : BIOS.obj (.text:ti_sysbios_family_arm_m3_Hwi_getStackInfo__E)
                  000052cc    00000004     --HOLE-- [fill = 0]
                  000052d0    00000044                   : BIOS.obj (.text:ti_sysbios_knl_Swi_post__E)
                  00005314    00000044     ti.targets.arm.rtsarm.aem4f : Error.oem4f (.text:xdc_runtime_Error_setX__E)
                  00005358    00000044                                 : SysMin.oem4f (.text:xdc_runtime_SysMin_flush__E)
                  0000539c    00000044                                 : Text.oem4f (.text:xdc_runtime_Text_xprintf__I)
                  000053e0    00000042     driverlib.lib : uart.obj (.text:UARTConfigSetExpClk)
                  00005422    00000040     rtsv7M4_T_le_v4SPD16_eabi.lib : u_divt2.asm.obj (.text)
                  00005462    00000006     driverlib.lib : sysctl.obj (.text:SysCtlDelay)
                  00005468    00000040     sysbios.aem4f : BIOS.obj (.text:ti_sysbios_family_arm_lm4_Timer_startup__E)
                  000054a8    0000003e     driverlib.lib : adc.obj (.text:ADCSequenceConfigure)
                  000054e6    00000002     --HOLE-- [fill = 0]
                  000054e8    0000003c     sysbios.aem4f : BIOS.obj (.text:ti_sysbios_family_arm_m3_Hwi_excSvCall__I)
                  00005524    00000004     --HOLE-- [fill = 0]
                  00005528    0000003c                   : BIOS.obj (.text:ti_sysbios_heaps_HeapMem_init__I)
                  00005564    00000004     --HOLE-- [fill = 0]
                  00005568    0000003c                   : BIOS.obj (.text:ti_sysbios_knl_Swi_restore__E)
                  000055a4    00000038     driverlib.lib : sysctl.obj (.text:SysCtlPeripheralPresent)
                  000055dc    00000038     rtsv7M4_T_le_v4SPD16_eabi.lib : trgmsg.c.obj (.text:__TI_writemsg)
                  00005614    00000038     main.obj (.text:leftMotorSetSpeed)
                  0000564c    00000038     main.obj (.text:rightMotorSetSpeed)
                  00005684    00000004     --HOLE-- [fill = 0]
                  00005688    00000038     sysbios.aem4f : BIOS.obj (.text:ti_sysbios_family_arm_m3_Hwi_excNoIsr__I)
                  000056c0    00000038                   : BIOS.obj (.text:ti_sysbios_knl_Task_processVitalTaskFlag__I)
                  000056f8    00000038     ti.targets.arm.rtsarm.aem4f : SysMin.oem4f (.text:xdc_runtime_SysMin_putch__E)
                  00005730    00000038                                 : System.oem4f (.text:xdc_runtime_System_atexit__E)
                  00005768    00000034     driverlib.lib : sysctl.obj (.text:SysCtlPeripheralEnable)
                  0000579c    00000034     rtsv7M4_T_le_v4SPD16_eabi.lib : trgmsg.c.obj (.text:__TI_readmsg)
                  000057d0    00000034     main.obj (.text:main)
                  00005804    00000004     --HOLE-- [fill = 0]
                  00005808    00000034     sysbios.aem4f : BIOS.obj (.text:ti_sysbios_family_arm_m3_Hwi_excNmi__I)
                  0000583c    00000004     --HOLE-- [fill = 0]
                  00005840    00000034                   : BIOS.obj (.text:ti_sysbios_hal_Hwi_checkStack)
                  00005874    00000034     ti.targets.arm.rtsarm.aem4f : Core-label.oem4f (.text:xdc_runtime_Core_assignLabel__I)
                  000058a8    00000033                                 : Text.oem4f (.text:xdc_runtime_Text_printVisFxn__I)
                  000058db    00000005     --HOLE-- [fill = 0]
                  000058e0    00000032     sysbios.aem4f : BIOS.obj (.text:ti_sysbios_hal_Hwi_initStack)
                  00005912    00000002     --HOLE-- [fill = 0]
                  00005914    00000030     empty_pem4f.oem4f (.text:ti_sysbios_BIOS_atExitFunc__I)
                  00005944    00000004     --HOLE-- [fill = 0]
                  00005948    00000030     sysbios.aem4f : BIOS.obj (.text:ti_sysbios_family_arm_lm4_Timer_stop__E)
                  00005978    00000030                   : BIOS.obj (.text:ti_sysbios_family_arm_m3_TaskSupport_start__E)
                  000059a8    00000030     empty_pem4f.oem4f (.text:ti_sysbios_gates_GateHwi_Object__create__S)
                  000059d8    00000030     empty_pem4f.oem4f (.text:ti_sysbios_gates_GateMutex_Object__create__S)
                  00005a08    00000030     empty_pem4f.oem4f (.text:ti_sysbios_heaps_HeapMem_Object__create__S)
                  00005a38    00000030     empty_pem4f.oem4f (.text:ti_sysbios_knl_Semaphore_construct)
                  00005a68    00000030     sysbios.aem4f : BIOS.obj (.text:ti_sysbios_knl_Semaphore_pendTimeout__I)
                  00005a98    00000030                   : BIOS.obj (.text:ti_sysbios_knl_Task_unblockI__E)
                  00005ac8    00000030     ti.targets.arm.rtsarm.aem4f : SysMin.oem4f (.text:xdc_runtime_SysMin_abort__E)
                  00005af8    00000030                                 : System.oem4f (.text:xdc_runtime_System_processAtExit__E)
                  00005b28    0000002e     driverlib.lib : adc.obj (.text:ADCIntStatus)
                  00005b56    0000002e     rtsv7M4_T_le_v4SPD16_eabi.lib : i_tofd_t2.asm.obj (.text)
                  00005b84    0000002c     empty_pem4f.oem4f (.text:ti_sysbios_knl_Clock_doTick__I)
                  00005bb0    0000002c     empty_pem4f.oem4f (.text:ti_sysbios_knl_Queue_construct)
                  00005bdc    00000004     --HOLE-- [fill = 0]
                  00005be0    0000002c     sysbios.aem4f : BIOS.obj (.text:ti_sysbios_knl_Task_restore__E)
                  00005c0c    0000002c     ti.targets.arm.rtsarm.aem4f : Text.oem4f (.text:xdc_runtime_Text_cordText__E)
                  00005c38    0000002a     driverlib.lib : gpio.obj (.text:GPIODirModeSet)
                  00005c62    0000002a     ti.targets.arm.rtsarm.aem4f : System.oem4f (.text:xdc_runtime_System_putchar__I)
                  00005c8c    00000004     --HOLE-- [fill = 0]
                  00005c90    00000028     sysbios.aem4f : BIOS.obj (.text:ti_sysbios_knl_Swi_Module_startup__E)
                  00005cb8    00000026                   : m3_Hwi_asm.obj (.text:ti_sysbios_family_arm_m3_Hwi_pendSV__I)
                  00005cde    00000026     ti.targets.arm.rtsarm.aem4f : System.oem4f (.text:xdc_runtime_System_avprintf__E)
                  00005d04    00000024     uartstdio.obj (.text:UARTprintf)
                  00005d28    00000024     empty_pem4f.oem4f (.text:ti_sysbios_BIOS_errorRaiseHook__I)
                  00005d4c    00000024     empty_pem4f.oem4f (.text:ti_sysbios_BIOS_registerRTSLock__I)
                  00005d70    00000024     empty_pem4f.oem4f (.text:ti_sysbios_BIOS_removeRTSLock__I)
                  00005d94    00000024     empty_pem4f.oem4f (.text:ti_sysbios_BIOS_startFunc__I)
                  00005db8    00000024     empty_pem4f.oem4f (.text:ti_sysbios_gates_GateMutex_Object__delete__S)
                  00005ddc    00000004     --HOLE-- [fill = 0]
                  00005de0    00000024     sysbios.aem4f : BIOS.obj (.text:ti_sysbios_knl_Clock_Module_startup__E)
                  00005e04    00000004     --HOLE-- [fill = 0]
                  00005e08    00000024                   : BIOS.obj (.text:ti_sysbios_knl_Task_restoreHwi__E)
                  00005e2c    00000024     ti.targets.arm.rtsarm.aem4f : System.oem4f (.text:xdc_runtime_System_vprintf__E)
                  00005e50    00000022     driverlib.lib : pwm.obj (.text:PWMGenConfigure)
                  00005e72    00000006                   : uart.obj (.text:UARTClockSourceSet)
                  00005e78    00000022     sysbios.aem4f : BIOS.obj (.text:ti_sysbios_family_arm_lm4_Timer_write__I)
                  00005e9a    00000022     empty_pem4f.oem4f (.text:xdc_runtime_SysMin_output__I)
                  00005ebc    00000020     empty_pem4f.oem4f (.text:ti_sysbios_BIOS_rtsLock__I)
                  00005edc    00000020     sysbios.aem4f : m3_Hwi_asm.obj (.text:ti_sysbios_family_arm_m3_Hwi_excHandlerAsm__I)
                  00005efc    00000004     --HOLE-- [fill = 0]
                  00005f00    00000020                   : BIOS.obj (.text:ti_sysbios_family_arm_m3_Hwi_excHandler__I)
                  00005f20    00000020     empty_pem4f.oem4f (.text:ti_sysbios_gates_GateHwi_Object__delete__S)
                  00005f40    00000020     empty_pem4f.oem4f (.text:ti_sysbios_heaps_HeapMem_Object__delete__S)
                  00005f60    00000020     sysbios.aem4f : BIOS.obj (.text:ti_sysbios_knl_Idle_run__E)
                  00005f80    00000020     empty_pem4f.oem4f (.text:ti_sysbios_knl_Semaphore_Object__destruct__S)
                  00005fa0    00000020     ti.targets.arm.rtsarm.aem4f : Registry.oem4f (.text:xdc_runtime_Registry_findById__E)
                  00005fc0    00000020                                 : SysMin.oem4f (.text:xdc_runtime_SysMin_Module_startup__E)
                  00005fe0    0000001e     driverlib.lib : adc.obj (.text:ADCSequenceDataGet)
                  00005ffe    0000001e                   : pwm.obj (.text:PWMPulseWidthSet)
                  0000601c    0000001e     sysbios.aem4f : m3_Hwi_asm_switch.obj (.text:ti_sysbios_family_xxx_Hwi_switchAndRunFunc)
                  0000603a    00000002     --HOLE-- [fill = 0]
                  0000603c    0000001c     driverlib.lib : uart.obj (.text:UARTDisable)
                  00006058    0000001c     main.obj (.text:leftMotorForward)
                  00006074    0000001c     main.obj (.text:leftMotorReverse)
                  00006090    0000001c     main.obj (.text:rightMotorForward)
                  000060ac    0000001c     main.obj (.text:rightMotorReverse)
                  000060c8    0000001c     sysbios.aem4f : BIOS.obj (.text:ti_sysbios_gates_GateMutex_Instance_init__E)
                  000060e4    0000001c     empty_pem4f.oem4f (.text:ti_sysbios_knl_Queue_Object__destruct__S)
                  00006100    0000001c     sysbios.aem4f : BIOS.obj (.text:ti_sysbios_knl_Task_enter__I)
                  0000611c    0000001c     ti.targets.arm.rtsarm.aem4f : Error.oem4f (.text:xdc_runtime_Error_raiseX__E)
                  00006138    0000001c                                 : Memory.oem4f (.text:xdc_runtime_Memory_valloc__E)
                  00006154    0000001c                                 : SysMin.oem4f (.text:xdc_runtime_SysMin_exit__E)
                  00006170    0000001c                                 : System.oem4f (.text:xdc_runtime_System_abort__E)
                  0000618c    0000001a     empty_pem4f.oem4f (.text:ti_sysbios_family_arm_m3_Hwi_Handle__label__S)
                  000061a6    0000001a     empty_pem4f.oem4f (.text:ti_sysbios_gates_GateHwi_Handle__label__S)
                  000061c0    0000001a     empty_pem4f.oem4f (.text:ti_sysbios_gates_GateMutex_Handle__label__S)
                  000061da    0000001a     empty_pem4f.oem4f (.text:ti_sysbios_heaps_HeapMem_Handle__label__S)
                  000061f4    0000001a     empty_pem4f.oem4f (.text:ti_sysbios_knl_Swi_Handle__label__S)
                  0000620e    0000001a     empty_pem4f.oem4f (.text:ti_sysbios_knl_Task_Handle__label__S)
                  00006228    0000001a     empty_pem4f.oem4f (.text:xdc_runtime_System_aprintf__E)
                  00006242    0000001a     empty_pem4f.oem4f (.text:xdc_runtime_System_printf__E)
                  0000625c    00000018     driverlib.lib : adc.obj (.text:ADCProcessorTrigger)
                  00006274    00000018                   : gpio.obj (.text:GPIOPinTypeGPIOOutput)
                  0000628c    00000018     rtsv7M4_T_le_v4SPD16_eabi.lib : args_main.c.obj (.text:_args_main)
                  000062a4    00000018     empty_pem4f.oem4f (.text:ti_sysbios_BIOS_rtsUnlock__I)
                  000062bc    00000018     empty_pem4f.oem4f (.text:ti_sysbios_family_arm_lm4_Timer_Module__startupDone__F)
                  000062d4    00000018     empty_pem4f.oem4f (.text:ti_sysbios_family_arm_m3_Hwi_Module__startupDone__F)
                  000062ec    00000018     sysbios.aem4f : m3_TaskSupport_asm.obj (.text:ti_sysbios_family_arm_m3_TaskSupport_swap__E)
                  00006304    00000004     --HOLE-- [fill = 0]
                  00006308    00000018                   : BIOS.obj (.text:ti_sysbios_gates_GateMutex_leave__E)
                  00006320    00000018     ti.targets.arm.rtsarm.aem4f : Error.oem4f (.text:xdc_runtime_Error_check__E)
                  00006338    00000018                                 : System.oem4f (.text:xdc_runtime_System_exit__E)
                  00006350    00000018                                 : Text.oem4f (.text:xdc_runtime_Text_ropeText__E)
                  00006368    00000016     empty_pem4f.oem4f (.text:ti_sysbios_BIOS_exitFunc__I)
                  0000637e    00000002     --HOLE-- [fill = 0]
                  00006380    00000014     driverlib.lib : sysctl.obj (.text:SysCtlPWMClockSet)
                  00006394    00000014                   : uart.obj (.text:UARTEnable)
                  000063a8    00000014     rtsv7M4_T_le_v4SPD16_eabi.lib : strlen.c.obj (.text:strlen)
                  000063bc    00000014     empty_pem4f.oem4f (.text:ti_sysbios_family_arm_m3_Hwi_Object__get__S)
                  000063d0    00000014     sysbios.aem4f : BIOS.obj (.text:ti_sysbios_family_arm_m3_Hwi_switchFromBootStack__E)
                  000063e4    00000014     empty_pem4f.oem4f (.text:ti_sysbios_heaps_HeapMem_Object__get__S)
                  000063f8    00000014     empty_pem4f.oem4f (.text:ti_sysbios_knl_Swi_Object__get__S)
                  0000640c    00000012     driverlib.lib : gpio.obj (.text:GPIOPinTypeADC)
                  0000641e    00000012                   : gpio.obj (.text:GPIOPinTypeI2C)
                  00006430    00000012                   : gpio.obj (.text:GPIOPinTypeI2CSCL)
                  00006442    00000012                   : gpio.obj (.text:GPIOPinTypePWM)
                  00006454    00000012                   : gpio.obj (.text:GPIOPinTypeUART)
                  00006466    00000012                   : pwm.obj (.text:PWMOutputState)
                  00006478    00000012                   : timer.obj (.text:TimerLoadSet)
                  0000648a    00000006     Boot.aem4f : Boot_sysctl.oem4f (.text:ti_catalog_arm_cortexm4_tiva_ce_Boot_sysCtlDelayI__I)
                  00006490    00000012     sysbios.aem4f : BIOS.obj (.text:ti_sysbios_hal_Hwi_Module_startup__E)
                  000064a2    00000012     empty_pem4f.oem4f (.text:xdc_runtime_Startup_exec__I)
                  000064b4    00000010     driverlib.lib : pwm.obj (.text:PWMGenPeriodSet)
                  000064c4    00000004     --HOLE-- [fill = 0]
                  000064c8    00000010     sysbios.aem4f : BIOS.obj (.text:ti_sysbios_BIOS_setThreadType__E)
                  000064d8    00000010                   : BIOS.obj (.text:ti_sysbios_BIOS_start__E)
                  000064e8    00000010                   : m3_TaskSupport_asm.obj (.text:ti_sysbios_family_arm_m3_TaskSupport_glue)
                  000064f8    00000010                   : BIOS.obj (.text:ti_sysbios_gates_GateMutex_Instance_finalize__E)
                  00006508    00000010                   : BIOS.obj (.text:ti_sysbios_knl_Semaphore_Instance_finalize__E)
                  00006518    00000010                   : BIOS.obj (.text:ti_sysbios_knl_Swi_disable__E)
                  00006528    00000010     empty_pem4f.oem4f (.text:ti_sysbios_knl_Task_Object__get__S)
                  00006538    00000010     sysbios.aem4f : BIOS.obj (.text:ti_sysbios_knl_Task_disable__E)
                  00006548    00000010     ti.targets.arm.rtsarm.aem4f : Gate.oem4f (.text:xdc_runtime_Gate_leaveSystem__E)
                  00006558    00000010                                 : Memory.oem4f (.text:xdc_runtime_Memory_free__E)
                  00006568    00000010                                 : SysMin.oem4f (.text:xdc_runtime_SysMin_ready__E)
                  00006578    00000010                                 : System.oem4f (.text:xdc_runtime_System_vsnprintf__E)
                  00006588    00000010     empty_pem4f.oem4f (.text:xdc_runtime_Text_visitRope__I)
                  00006598    0000000e     driverlib.lib : adc.obj (.text:ADCSequenceDisable)
                  000065a6    0000000e                   : adc.obj (.text:ADCSequenceEnable)
                  000065b4    0000000e                   : timer.obj (.text:TimerEnable)
                  000065c2    0000000e                   : uart.obj (.text:UARTCharGetNonBlocking)
                  000065d0    0000000e     rtsv7M4_T_le_v4SPD16_eabi.lib : copy_decompress_none.c.obj (.text:decompress:none:__TI_decompress_none)
                  000065de    00000002     --HOLE-- [fill = 0]
                  000065e0    0000000e     sysbios.aem4f : BIOS.obj (.text:ti_sysbios_knl_Idle_loop__E)
                  000065ee    00000002     --HOLE-- [fill = 0]
                  000065f0    0000000e                   : BIOS.obj (.text:ti_sysbios_knl_Queue_empty__E)
                  000065fe    00000002     --HOLE-- [fill = 0]
                  00006600    0000000c     empty_pem4f.oem4f (.text:.bootCodeSection:ti_catalog_arm_cortexm4_tiva_ce_Boot_init__I)
                  0000660c    0000000c     driverlib.lib : pwm.obj (.text:PWMGenEnable)
                  00006618    0000000c     rtsv7M4_T_le_v4SPD16_eabi.lib : _lock.c.obj (.text:_register_lock)
                  00006624    0000000c                                   : _lock.c.obj (.text:_register_unlock)
                  00006630    0000000c                                   : copy_zero_init.c.obj (.text:decompress:ZI:__TI_zero_init)
                  0000663c    00000004     --HOLE-- [fill = 0]
                  00006640    0000000c     sysbios.aem4f : BIOS.obj (.text:ti_sysbios_family_arm_lm4_Timer_getMaxTicks__E)
                  0000664c    00000004     --HOLE-- [fill = 0]
                  00006650    0000000c                   : BIOS.obj (.text:ti_sysbios_family_arm_m3_Hwi_disableFxn__E)
                  0000665c    00000004     --HOLE-- [fill = 0]
                  00006660    0000000c                   : BIOS.obj (.text:ti_sysbios_family_arm_m3_TaskSupport_checkStack__E)
                  0000666c    00000004     --HOLE-- [fill = 0]
                  00006670    0000000c                   : BIOS.obj (.text:ti_sysbios_gates_GateHwi_enter__E)
                  0000667c    0000000c     empty_pem4f.oem4f (.text:ti_sysbios_knl_Queue_Object__get__S)
                  00006688    0000000c     ti.targets.arm.rtsarm.aem4f : Error.oem4f (.text:xdc_runtime_Error_init__E)
                  00006694    0000000c                                 : Gate.oem4f (.text:xdc_runtime_Gate_enterSystem__E)
                  000066a0    0000000c                                 : Memory.oem4f (.text:xdc_runtime_Memory_calloc__E)
                  000066ac    0000000c                                 : Memory.oem4f (.text:xdc_runtime_Memory_getMaxDefaultTypeAlign__E)
                  000066b8    0000000a     driverlib.lib : adc.obj (.text:ADCIntClear)
                  000066c2    0000000a                   : i2c.obj (.text:I2CMasterEnable)
                  000066cc    0000000a                   : uart.obj (.text:UARTCharPut)
                  000066d6    0000000a     empty_pem4f.oem4f (.text:xdc_runtime_IHeap_alloc)
                  000066e0    0000000a     empty_pem4f.oem4f (.text:xdc_runtime_IHeap_free)
                  000066ea    00000008     driverlib.lib : i2c.obj (.text:I2CMasterBusy)
                  000066f2    00000008                   : i2c.obj (.text:I2CMasterSlaveAddrSet)
                  000066fa    00000008                   : timer.obj (.text:TimerIntEnable)
                  00006702    00000008     sysbios.aem4f : BIOS.obj (.text:ti_sysbios_family_arm_lm4_Timer_masterDisable__I)
                  0000670a    00000006     ti.targets.arm.rtsarm.aem4f : System.oem4f (.text:xdc_runtime_System_Module_startup__E)
                  00006710    00000008     sysbios.aem4f : BIOS.obj (.text:ti_sysbios_family_arm_m3_Hwi_doSwiRestore__I)
                  00006718    00000008                   : BIOS.obj (.text:ti_sysbios_family_arm_m3_Hwi_startup__E)
                  00006720    00000006                   : BIOS.obj (.text:ti_sysbios_family_arm_m3_Hwi_doTaskRestore__I)
                  00006726    00000002     --HOLE-- [fill = 0]
                  00006728    00000006                   : BIOS.obj (.text:ti_sysbios_family_arm_m3_Hwi_restoreFxn__E)
                  0000672e    00000002     --HOLE-- [fill = 0]
                  00006730    00000006                   : BIOS.obj (.text:ti_sysbios_gates_GateHwi_leave__E)
                  00006736    00000002     --HOLE-- [fill = 0]
                  00006738    00000006                   : BIOS.obj (.text:ti_sysbios_heaps_HeapMem_isBlocking__E)
                  0000673e    00000002     --HOLE-- [fill = 0]
                  00006740    00000006                   : BIOS.obj (.text:ti_sysbios_knl_Queue_Instance_init__E)
                  00006746    00000002     --HOLE-- [fill = 0]
                  00006748    00000006                   : BIOS.obj (.text:ti_sysbios_knl_Swi_startup__E)
                  0000674e    00000002     --HOLE-- [fill = 0]
                  00006750    00000004                   : BIOS.obj (.text:ti_sysbios_gates_GateHwi_query__E)
                  00006754    00000004     --HOLE-- [fill = 0]
                  00006758    00000004                   : BIOS.obj (.text:ti_sysbios_gates_GateMutex_query__E)
                  0000675c    00000004     --HOLE-- [fill = 0]
                  00006760    00000004                   : BIOS.obj (.text:ti_sysbios_knl_Task_startup__E)
                  00006764    00000004     --HOLE-- [fill = 0]
                  00006768    00000002                   : BIOS.obj (.text:ti_sysbios_gates_GateHwi_Instance_init__E)
                  0000676a    00000006     --HOLE-- [fill = 0]
                  00006770    00000002                   : BIOS.obj (.text:ti_sysbios_knl_Clock_logTick__E)

.const     0    00006778    00001f26     
                  00006778    0000186f     empty_pem4f.oem4f (.const:xdc_runtime_Text_charTab__A)
                  00007fe7    00000001     empty_pem4f.oem4f (.const:xdc_runtime_Error_policy__C)
                  00007fe8    000000bc     empty_pem4f.oem4f (.const:xdc_runtime_Text_nodeTab__A)
                  000080a4    00000004     empty_pem4f.oem4f (.const:ti_catalog_arm_cortexm4_tiva_ce_Boot_A_mustUseEnhancedClockMode__C)
                  000080a8    00000098     rtsv7M4_T_le_v4SPD16_eabi.lib : s_atan.c.obj (.const:$O1$$)
                  00008140    00000090     driverlib.lib : gpio.obj (.const:g_pui32GPIOBaseAddrs)
                  000081d0    0000006c                   : sysctl.obj (.const:g_pui32Xtals)
                  0000823c    00000048     empty_pem4f.oem4f (.const:.string)
                  00008284    00000048     drivers_tivaware.aem4f : GPIOTiva.oem4f (.const:gpioBaseAddresses)
                  000082cc    00000028     empty_pem4f.oem4f (.const:ti_sysbios_heaps_HeapMem_Module__FXNS__C)
                  000082f4    00000024     empty_pem4f.oem4f (.const:ti_sysbios_gates_GateHwi_Module__FXNS__C)
                  00008318    00000024     empty_pem4f.oem4f (.const:ti_sysbios_gates_GateMutex_Module__FXNS__C)
                  0000833c    00000024     empty_pem4f.oem4f (.const:ti_sysbios_heaps_HeapMem_Object__PARAMS__C)
                  00008360    00000024     empty_pem4f.oem4f (.const:ti_sysbios_knl_Semaphore_Object__PARAMS__C)
                  00008384    00000020     empty_pem4f.oem4f (.const:ti_sysbios_gates_GateHwi_Object__DESC__C)
                  000083a4    00000020     empty_pem4f.oem4f (.const:ti_sysbios_gates_GateMutex_Object__DESC__C)
                  000083c4    00000020     empty_pem4f.oem4f (.const:ti_sysbios_heaps_HeapMem_Object__DESC__C)
                  000083e4    00000020     empty_pem4f.oem4f (.const:ti_sysbios_knl_Queue_Object__DESC__C)
                  00008404    00000020     empty_pem4f.oem4f (.const:ti_sysbios_knl_Semaphore_Object__DESC__C)
                  00008424    00000020     empty_pem4f.oem4f (.const:xdc_runtime_Startup_sfxnTab__A)
                  00008444    00000018     empty_pem4f.oem4f (.const:ti_sysbios_gates_GateHwi_Object__PARAMS__C)
                  0000845c    00000018     empty_pem4f.oem4f (.const:ti_sysbios_gates_GateMutex_Object__PARAMS__C)
                  00008474    00000018     empty_pem4f.oem4f (.const:ti_sysbios_knl_Queue_Object__PARAMS__C)
                  0000848c    00000014     EK_TM4C123GXL.obj (.const:GPIOTiva_config)
                  000084a0    00000014     empty_pem4f.oem4f (.const:xdc_runtime_Startup_firstFxns__A)
                  000084b4    00000012     uartstdio.obj (.const:.string)
                  000084c6    00000010     empty_pem4f.oem4f (.const:xdc_runtime_Startup_sfxnRts__A)
                  000084d6    00000002     empty_pem4f.oem4f (.const:ti_catalog_arm_cortexm4_tiva_ce_Boot_Module__id__C)
                  000084d8    0000000c     uartstdio.obj (.const:g_ui32UARTBase)
                  000084e4    0000000c     uartstdio.obj (.const:g_ui32UARTPeriph)
                  000084f0    00000008     empty_pem4f.oem4f (.const:ti_sysbios_family_arm_m3_Hwi_excHookFuncs__A)
                  000084f8    00000008     empty_pem4f.oem4f (.const:ti_sysbios_knl_Idle_funcList__C)
                  00008500    00000008     empty_pem4f.oem4f (.const:xdc_runtime_Startup_firstFxns__C)
                  00008508    00000008     empty_pem4f.oem4f (.const:xdc_runtime_Startup_lastFxns__C)
                  00008510    00000004     empty_pem4f.oem4f (.const:ti_catalog_arm_cortexm4_tiva_ce_Boot_Module__diagsEnabled__C)
                  00008514    00000004     empty_pem4f.oem4f (.const:ti_catalog_arm_cortexm4_tiva_ce_Boot_Module__diagsIncluded__C)
                  00008518    00000004     empty_pem4f.oem4f (.const:ti_catalog_arm_cortexm4_tiva_ce_Boot_Module__diagsMask__C)
                  0000851c    00000004     empty_pem4f.oem4f (.const:ti_sysbios_family_arm_lm4_Timer_enableFunc__C)
                  00008520    00000004     empty_pem4f.oem4f (.const:ti_sysbios_family_arm_lm4_Timer_numTimerDevices__C)
                  00008524    00000004     empty_pem4f.oem4f (.const:ti_sysbios_family_arm_lm4_Timer_startupNeeded__C)
                  00008528    00000004     empty_pem4f.oem4f (.const:ti_sysbios_family_arm_m3_Hwi_E_NMI__C)
                  0000852c    00000004     empty_pem4f.oem4f (.const:ti_sysbios_family_arm_m3_Hwi_E_busFault__C)
                  00008530    00000004     empty_pem4f.oem4f (.const:ti_sysbios_family_arm_m3_Hwi_E_debugMon__C)
                  00008534    00000004     empty_pem4f.oem4f (.const:ti_sysbios_family_arm_m3_Hwi_E_hardFault__C)
                  00008538    00000004     empty_pem4f.oem4f (.const:ti_sysbios_family_arm_m3_Hwi_E_memFault__C)
                  0000853c    00000004     empty_pem4f.oem4f (.const:ti_sysbios_family_arm_m3_Hwi_E_noIsr__C)
                  00008540    00000004     empty_pem4f.oem4f (.const:ti_sysbios_family_arm_m3_Hwi_E_reserved__C)
                  00008544    00000004     empty_pem4f.oem4f (.const:ti_sysbios_family_arm_m3_Hwi_E_svCall__C)
                  00008548    00000004     empty_pem4f.oem4f (.const:ti_sysbios_family_arm_m3_Hwi_E_usageFault__C)
                  0000854c    00000004     empty_pem4f.oem4f (.const:ti_sysbios_family_arm_m3_Hwi_NUM_INTERRUPTS__C)
                  00008550    00000004     empty_pem4f.oem4f (.const:ti_sysbios_family_arm_m3_Hwi_Object__count__C)
                  00008554    00000004     empty_pem4f.oem4f (.const:ti_sysbios_family_arm_m3_Hwi_ccr__C)
                  00008558    00000004     empty_pem4f.oem4f (.const:ti_sysbios_family_arm_m3_Hwi_excHandlerFunc__C)
                  0000855c    00000004     empty_pem4f.oem4f (.const:ti_sysbios_family_arm_m3_Hwi_excHookFuncs__C)
                  00008560    00000004     empty_pem4f.oem4f (.const:ti_sysbios_family_arm_m3_Hwi_nullIsrFunc__C)
                  00008564    00000004     empty_pem4f.oem4f (.const:ti_sysbios_family_arm_m3_Hwi_priGroup__C)
                  00008568    00000004     empty_pem4f.oem4f (.const:ti_sysbios_gates_GateMutex_A_badContext__C)
                  0000856c    00000004     empty_pem4f.oem4f (.const:ti_sysbios_gates_GateMutex_Instance_State_sem__O)
                  00008570    00000004     empty_pem4f.oem4f (.const:ti_sysbios_gates_GateMutex_Module__diagsEnabled__C)
                  00008574    00000004     empty_pem4f.oem4f (.const:ti_sysbios_gates_GateMutex_Module__diagsIncluded__C)
                  00008578    00000004     empty_pem4f.oem4f (.const:ti_sysbios_gates_GateMutex_Module__diagsMask__C)
                  0000857c    00000004     empty_pem4f.oem4f (.const:ti_sysbios_hal_Hwi_E_stackOverflow__C)
                  00008580    00000004     empty_pem4f.oem4f (.const:ti_sysbios_heaps_HeapMem_A_align__C)
                  00008584    00000004     empty_pem4f.oem4f (.const:ti_sysbios_heaps_HeapMem_A_heapSize__C)
                  00008588    00000004     empty_pem4f.oem4f (.const:ti_sysbios_heaps_HeapMem_A_invalidFree__C)
                  0000858c    00000004     empty_pem4f.oem4f (.const:ti_sysbios_heaps_HeapMem_A_zeroBlock__C)
                  00008590    00000004     empty_pem4f.oem4f (.const:ti_sysbios_heaps_HeapMem_E_memory__C)
                  00008594    00000004     empty_pem4f.oem4f (.const:ti_sysbios_heaps_HeapMem_Module__diagsEnabled__C)
                  00008598    00000004     empty_pem4f.oem4f (.const:ti_sysbios_heaps_HeapMem_Module__diagsIncluded__C)
                  0000859c    00000004     empty_pem4f.oem4f (.const:ti_sysbios_heaps_HeapMem_Module__diagsMask__C)
                  000085a0    00000004     empty_pem4f.oem4f (.const:ti_sysbios_heaps_HeapMem_Module__gateObj__C)
                  000085a4    00000004     empty_pem4f.oem4f (.const:ti_sysbios_heaps_HeapMem_Object__count__C)
                  000085a8    00000004     empty_pem4f.oem4f (.const:ti_sysbios_heaps_HeapMem_reqAlign__C)
                  000085ac    00000004     empty_pem4f.oem4f (.const:ti_sysbios_knl_Clock_Module_State_clockQ__O)
                  000085b0    00000004     empty_pem4f.oem4f (.const:ti_sysbios_knl_Idle_funcList__A)
                  000085b4    00000004     empty_pem4f.oem4f (.const:ti_sysbios_knl_Semaphore_A_badContext__C)
                  000085b8    00000004     empty_pem4f.oem4f (.const:ti_sysbios_knl_Semaphore_A_noEvents__C)
                  000085bc    00000004     empty_pem4f.oem4f (.const:ti_sysbios_knl_Semaphore_A_overflow__C)
                  000085c0    00000004     empty_pem4f.oem4f (.const:ti_sysbios_knl_Semaphore_A_pendTaskDisabled__C)
                  000085c4    00000004     empty_pem4f.oem4f (.const:ti_sysbios_knl_Semaphore_Instance_State_pendQ__O)
                  000085c8    00000004     empty_pem4f.oem4f (.const:ti_sysbios_knl_Semaphore_Module__diagsEnabled__C)
                  000085cc    00000004     empty_pem4f.oem4f (.const:ti_sysbios_knl_Semaphore_Module__diagsIncluded__C)
                  000085d0    00000004     empty_pem4f.oem4f (.const:ti_sysbios_knl_Semaphore_Module__diagsMask__C)
                  000085d4    00000004     empty_pem4f.oem4f (.const:ti_sysbios_knl_Swi_Object__count__C)
                  000085d8    00000004     empty_pem4f.oem4f (.const:ti_sysbios_knl_Task_E_spOutOfBounds__C)
                  000085dc    00000004     empty_pem4f.oem4f (.const:ti_sysbios_knl_Task_E_stackOverflow__C)
                  000085e0    00000004     empty_pem4f.oem4f (.const:ti_sysbios_knl_Task_Module_State_inactiveQ__O)
                  000085e4    00000004     empty_pem4f.oem4f (.const:ti_sysbios_knl_Task_Object__count__C)
                  000085e8    00000004     empty_pem4f.oem4f (.const:ti_sysbios_knl_Task_allBlockedFunc__C)
                  000085ec    00000004     empty_pem4f.oem4f (.const:ti_sysbios_knl_Task_numConstructedTasks__C)
                  000085f0    00000004     uartstdio.obj (.const)
                  000085f4    00000004     empty_pem4f.oem4f (.const:xdc_runtime_Assert_E_assertFailed__C)
                  000085f8    00000004     empty_pem4f.oem4f (.const:xdc_runtime_Core_A_initializedParams__C)
                  000085fc    00000004     empty_pem4f.oem4f (.const:xdc_runtime_Core_Module__diagsEnabled__C)
                  00008600    00000004     empty_pem4f.oem4f (.const:xdc_runtime_Core_Module__diagsIncluded__C)
                  00008604    00000004     empty_pem4f.oem4f (.const:xdc_runtime_Core_Module__diagsMask__C)
                  00008608    00000004     empty_pem4f.oem4f (.const:xdc_runtime_Error_E_memory__C)
                  0000860c    00000004     empty_pem4f.oem4f (.const:xdc_runtime_Error_Module__diagsEnabled__C)
                  00008610    00000004     empty_pem4f.oem4f (.const:xdc_runtime_Error_Module__diagsIncluded__C)
                  00008614    00000004     empty_pem4f.oem4f (.const:xdc_runtime_Error_Module__diagsMask__C)
                  00008618    00000004     empty_pem4f.oem4f (.const:xdc_runtime_Error_Module__loggerFxn8__C)
                  0000861c    00000004     empty_pem4f.oem4f (.const:xdc_runtime_Error_Module__loggerObj__C)
                  00008620    00000004     empty_pem4f.oem4f (.const:xdc_runtime_Error_policyFxn__C)
                  00008624    00000004     empty_pem4f.oem4f (.const:xdc_runtime_Error_raiseHook__C)
                  00008628    00000004     empty_pem4f.oem4f (.const:xdc_runtime_IGateProvider_Interface__BASE__C)
                  0000862c    00000004     empty_pem4f.oem4f (.const:xdc_runtime_IHeap_Interface__BASE__C)
                  00008630    00000004     empty_pem4f.oem4f (.const:xdc_runtime_IModule_Interface__BASE__C)
                  00008634    00000004     empty_pem4f.oem4f (.const:xdc_runtime_Log_L_error__C)
                  00008638    00000004     empty_pem4f.oem4f (.const:xdc_runtime_Memory_defaultHeapInstance__C)
                  0000863c    00000004     empty_pem4f.oem4f (.const:xdc_runtime_Startup_execImpl__C)
                  00008640    00000004     empty_pem4f.oem4f (.const:xdc_runtime_Startup_maxPasses__C)
                  00008644    00000004     empty_pem4f.oem4f (.const:xdc_runtime_Startup_sfxnRts__C)
                  00008648    00000004     empty_pem4f.oem4f (.const:xdc_runtime_Startup_sfxnTab__C)
                  0000864c    00000004     empty_pem4f.oem4f (.const:xdc_runtime_SysMin_bufSize__C)
                  00008650    00000004     empty_pem4f.oem4f (.const:xdc_runtime_SysMin_outputFunc__C)
                  00008654    00000004     empty_pem4f.oem4f (.const:xdc_runtime_System_Module__gateObj__C)
                  00008658    00000004     empty_pem4f.oem4f (.const:xdc_runtime_System_abortFxn__C)
                  0000865c    00000004     empty_pem4f.oem4f (.const:xdc_runtime_System_exitFxn__C)
                  00008660    00000004     empty_pem4f.oem4f (.const:xdc_runtime_System_extendFxn__C)
                  00008664    00000004     empty_pem4f.oem4f (.const:xdc_runtime_System_maxAtexitHandlers__C)
                  00008668    00000004     empty_pem4f.oem4f (.const:xdc_runtime_Text_charTab__C)
                  0000866c    00000004     empty_pem4f.oem4f (.const:xdc_runtime_Text_nameEmpty__C)
                  00008670    00000004     empty_pem4f.oem4f (.const:xdc_runtime_Text_nameStatic__C)
                  00008674    00000004     empty_pem4f.oem4f (.const:xdc_runtime_Text_nameUnknown__C)
                  00008678    00000004     empty_pem4f.oem4f (.const:xdc_runtime_Text_nodeTab__C)
                  0000867c    00000004     empty_pem4f.oem4f (.const:xdc_runtime_Text_visitRopeFxn__C)
                  00008680    00000002     empty_pem4f.oem4f (.const:ti_sysbios_family_arm_m3_Hwi_Module__id__C)
                  00008682    00000002     empty_pem4f.oem4f (.const:ti_sysbios_gates_GateMutex_Module__id__C)
                  00008684    00000002     empty_pem4f.oem4f (.const:ti_sysbios_hal_Hwi_Module__id__C)
                  00008686    00000002     empty_pem4f.oem4f (.const:ti_sysbios_heaps_HeapMem_Module__id__C)
                  00008688    00000002     empty_pem4f.oem4f (.const:ti_sysbios_knl_Semaphore_Module__id__C)
                  0000868a    00000002     empty_pem4f.oem4f (.const:ti_sysbios_knl_Task_Module__id__C)
                  0000868c    00000002     empty_pem4f.oem4f (.const:xdc_runtime_Core_Module__id__C)
                  0000868e    00000002     empty_pem4f.oem4f (.const:xdc_runtime_Error_Module__loggerDefined__C)
                  00008690    00000002     empty_pem4f.oem4f (.const:xdc_runtime_Error_maxDepth__C)
                  00008692    00000002     empty_pem4f.oem4f (.const:xdc_runtime_Memory_Module__id__C)
                  00008694    00000002     empty_pem4f.oem4f (.const:xdc_runtime_SysMin_flushAtExit__C)
                  00008696    00000002     empty_pem4f.oem4f (.const:xdc_runtime_Text_charCnt__C)
                  00008698    00000002     empty_pem4f.oem4f (.const:xdc_runtime_Text_isLoaded__C)
                  0000869a    00000002     empty_pem4f.oem4f (.const:xdc_runtime_Text_registryModsLastId__C)
                  0000869c    00000002     empty_pem4f.oem4f (.const:xdc_runtime_Text_unnamedModsLastId__C)

.cinit     0    000086a0    00000218     
                  000086a0    000001df     (.cinit..data.load) [load image, compression = lzss]
                  0000887f    00000001     --HOLE-- [fill = 0]
                  00008880    0000000c     (__TI_handler_table)
                  0000888c    00000004     --HOLE-- [fill = 0]
                  00008890    00000008     (.cinit..bss.load) [load image, compression = zero_init]
                  00008898    00000008     (.cinit..vecs.load) [load image, compression = zero_init]
                  000088a0    00000018     (__TI_cinit_table)

.init_array 
*          0    00000000    00000000     UNINITIALIZED

.resetVecs 
*          0    00000000    0000003c     
                  00000000    0000003c     empty_pem4f.oem4f (.resetVecs)

.bss       0    20000360    00000bb4     UNINITIALIZED
                  20000360    00000400     (.common:ti_sysbios_heaps_HeapMem_Instance_State_0_buf__A)
                  20000760    00000360     (.common:ti_sysbios_family_arm_m3_Hwi_dispatchTable)
                  20000ac0    00000200     empty_pem4f.oem4f (.bss:taskStackSection)
                  20000cc0    00000120     rtsv7M4_T_le_v4SPD16_eabi.lib : trgmsg.c.obj (.bss:_CIOBUF_)
                  20000de0    00000080     (.common:xdc_runtime_SysMin_Module_State_0_outbuf__A)
                  20000e60    00000068     (.common:MPU6050)
                  20000ec8    00000008     (.common:CalibratedZeroAngle)
                  20000ed0    00000008     (.common:desiredAngle)
                  20000ed8    00000008     (.common:kd)
                  20000ee0    00000008     (.common:ki)
                  20000ee8    00000008     (.common:kp)
                  20000ef0    00000008     (.common:parmbuf)
                  20000ef8    00000004     (.common:iteration)
                  20000efc    00000004     (.common:kd_raw)
                  20000f00    00000004     (.common:ki_raw)
                  20000f04    00000004     (.common:kp_raw)
                  20000f08    00000002     (.common:AccelX)
                  20000f0a    00000002     (.common:AccelY)
                  20000f0c    00000002     (.common:AccelZ)
                  20000f0e    00000002     (.common:GyroX)
                  20000f10    00000002     (.common:GyroY)
                  20000f12    00000002     (.common:GyroZ)

.data      0    20000f18    0000043e     UNINITIALIZED
                  20000f18    00000080     empty_pem4f.oem4f (.data:ti_sysbios_knl_Swi_Module_State_0_readyQ__A)
                  20000f98    00000080     empty_pem4f.oem4f (.data:ti_sysbios_knl_Task_Module_State_0_readyQ__A)
                  20001018    0000004c     empty_pem4f.oem4f (.data:ti_sysbios_knl_Task_Object__table__V)
                  20001064    00000044     empty_pem4f.oem4f (.data:ti_sysbios_knl_Task_Module__state__V)
                  200010a8    00000040     empty_pem4f.oem4f (.data:ti_sysbios_family_arm_lm4_Timer_Object__table__V)
                  200010e8    00000038     empty_pem4f.oem4f (.data:ti_sysbios_gates_GateMutex_Object__table__V)
                  20001120    00000034     empty_pem4f.oem4f (.data:ti_sysbios_family_arm_m3_Hwi_Module__state__V)
                  20001154    00000004     rtsv7M4_T_le_v4SPD16_eabi.lib : stkdepth_vars.c.obj (.data)
                  20001158    00000030     main.obj (.data)
                  20001188    00000030     empty_pem4f.oem4f (.data:ti_sysbios_family_arm_lm4_Timer_Module_State_0_device__A)
                  200011b8    00000030     empty_pem4f.oem4f (.data:ti_sysbios_family_arm_m3_Hwi_Object__table__V)
                  200011e8    00000030     empty_pem4f.oem4f (.data:ti_sysbios_knl_Swi_Object__table__V)
                  20001218    0000002c     empty_pem4f.oem4f (.data:ti_sysbios_knl_Clock_Module__state__V)
                  20001244    00000024     empty_pem4f.oem4f (.data:ti_sysbios_BIOS_Module__state__V)
                  20001268    0000001c     empty_pem4f.oem4f (.data:ti_sysbios_knl_Swi_Module__state__V)
                  20001284    00000018     empty_pem4f.oem4f (.data:ti_sysbios_family_arm_lm4_Timer_Module_State_0_handles__A)
                  2000129c    00000018     empty_pem4f.oem4f (.data:ti_sysbios_heaps_HeapMem_Object__table__V)
                  200012b4    00000014     EK_TM4C123GXL.obj (.data:gpioPinConfigs)
                  200012c8    0000000c     empty_pem4f.oem4f (.data:ti_sysbios_family_arm_lm4_Timer_Module__state__V)
                  200012d4    0000000c     empty_pem4f.oem4f (.data:xdc_runtime_SysMin_Module__state__V)
                  200012e0    00000008     rtsv7M4_T_le_v4SPD16_eabi.lib : _lock.c.obj (.data:$O1$$)
                  200012e8    00000008     EK_TM4C123GXL.obj (.data:gpioCallbackFunctions)
                  200012f0    00000008     empty_pem4f.oem4f (.data:ti_sysbios_gates_GateHwi_Module__root__V)
                  200012f8    00000008     empty_pem4f.oem4f (.data:ti_sysbios_gates_GateMutex_Module__root__V)
                  20001300    00000008     empty_pem4f.oem4f (.data:ti_sysbios_heaps_HeapMem_Module__root__V)
                  20001308    00000008     empty_pem4f.oem4f (.data:ti_sysbios_knl_Queue_Module__root__V)
                  20001310    00000008     empty_pem4f.oem4f (.data:ti_sysbios_knl_Semaphore_Module__root__V)
                  20001318    00000008     empty_pem4f.oem4f (.data:xdc_runtime_Registry_Module__state__V)
                  20001320    00000008     empty_pem4f.oem4f (.data:xdc_runtime_Startup_Module__state__V)
                  20001328    00000008     empty_pem4f.oem4f (.data:xdc_runtime_System_Module_State_0_atexitHandlers__A)
                  20001330    00000008     empty_pem4f.oem4f (.data:xdc_runtime_System_Module__state__V)
                  20001338    00000005     uartstdio.obj (.data)
                  2000133d    00000001     --HOLE--
                  2000133e    00000002     empty_pem4f.oem4f (.data:ti_sysbios_family_arm_m3_Hwi_Module_State_0_excActive__A)
                  20001340    00000004     empty_pem4f.oem4f (.data:ti_sysbios_family_arm_m3_Hwi_Module_State_0_excContext__A)
                  20001344    00000004     empty_pem4f.oem4f (.data:ti_sysbios_family_arm_m3_Hwi_Module_State_0_excStack__A)
                  20001348    00000004     empty_pem4f.oem4f (.data:ti_sysbios_gates_GateHwi_Object__table__V)
                  2000134c    00000004     empty_pem4f.oem4f (.data:ti_sysbios_knl_Task_Module_State_0_idleTask__A)
                  20001350    00000004     empty_pem4f.oem4f (.data:xdc_runtime_Memory_Module__state__V)
                  20001354    00000002     empty_pem4f.oem4f (.data:xdc_runtime_Error_Module__state__V)

.stack     0    20001358    00000300     UNINITIALIZED
                  20001358    00000300     --HOLE--

.bootVecs 
*          0    00000000    00000008     DSECT
                  00000000    00000008     boot.aem4f : boot.oem4f (.bootVecs)

.vecs      0    20000000    00000360     UNINITIALIZED
                  20000000    00000360     empty_pem4f.oem4f (.vecs)

xdc.meta   0    00000000    00000115     COPY SECTION
                  00000000    00000115     empty_pem4f.oem4f (xdc.meta)

__llvm_prf_cnts 
*          0    20000000    00000000     UNINITIALIZED

MODULE SUMMARY

       Module                       code    ro data   rw data
       ------                       ----    -------   -------
    .\
       main.obj                     2980    0         220    
       uartstdio.obj                976     46        5      
       EK_TM4C123GXL.obj            0       20        28     
    +--+----------------------------+-------+---------+---------+
       Total:                       3956    66        253    
                                                             
    C:\Users\Zachary\Desktop\SelfBalancingRobotWorkspace\Self_Balancing_Robot\SelfBalancingRobot\Debug\configPkg\package\cfg\
       empty_pem4f.oem4f            1446    7492      4384   
    +--+----------------------------+-------+---------+---------+
       Total:                       1446    7492      4384   
                                                             
    C:/ti/tirtos_tivac_2_16_01_14/products/TivaWare_C_Series-2.1.1.71b/driverlib/ccs/Debug/driverlib.lib
       sysctl.obj                   642     108       0      
       gpio.obj                     544     144       0      
       adc.obj                      322     0         0      
       uart.obj                     144     0         0      
       timer.obj                    136     0         0      
       i2c.obj                      110     0         0      
       pwm.obj                      110     0         0      
    +--+----------------------------+-------+---------+---------+
       Total:                       2008    252       0      
                                                             
    C:/ti/tirtos_tivac_2_16_01_14/products/tidrivers_tivac_2_16_01_13/packages/ti/drivers/lib/drivers_tivaware.aem4f
       GPIOTiva.oem4f               80      72        0      
    +--+----------------------------+-------+---------+---------+
       Total:                       80      72        0      
                                                             
    C:\Users\Zachary\Desktop\SelfBalancingRobotWorkspace\Self_Balancing_Robot\SelfBalancingRobot\src\sysbios\sysbios.aem4f
       BIOS.obj                     10178   0         0      
       m3_Hwi_asm.obj               314     0         0      
       m3_TaskSupport_asm.obj       180     0         0      
       m3_Hwi_asm_switch.obj        118     0         0      
    +--+----------------------------+-------+---------+---------+
       Total:                       10790   0         0      
                                                             
    C:\ti\ccs1040\ccs\tools\compiler\ti-cgt-arm_20.2.5.LTS\lib\rtsv7M4_T_le_v4SPD16_eabi.lib
       s_atan.c.obj                 748     152       0      
       e_atan2.c.obj                484     0         0      
       fd_add_t2.asm.obj            438     0         0      
       trgmsg.c.obj                 108     0         288    
       fd_div_t2.asm.obj            310     0         0      
       fd_mul_t2.asm.obj            252     0         0      
       memcpy_t2.asm.obj            156     0         0      
       fd_cmp_t2.asm.obj            134     0         0      
       memset_t2.asm.obj            122     0         0      
       copy_decompress_lzss.c.obj   104     0         0      
       hostwrite.c.obj              88      0         0      
       cpy_tbl.c.obj                76      0         0      
       fd_toi_t2.asm.obj            72      0         0      
       u_divt2.asm.obj              64      0         0      
       i_tofd_t2.asm.obj            46      0         0      
       _lock.c.obj                  26      0         8      
       args_main.c.obj              24      0         0      
       strlen.c.obj                 20      0         0      
       copy_decompress_none.c.obj   14      0         0      
       copy_zero_init.c.obj         12      0         0      
       hostopen.c.obj               0       0         8      
       exit.c.obj                   4       0         0      
       stkdepth_vars.c.obj          0       0         4      
       div0.asm.obj                 2       0         0      
    +--+----------------------------+-------+---------+---------+
       Total:                       3304    152       308    
                                                             
    C:\ti\tirtos_tivac_2_16_01_14\products\bios_6_45_02_31\packages\ti\catalog\arm\cortexm4\tiva\ce\lib\Boot.aem4f
       Boot_sysctl.oem4f            262     0         0      
       Boot.oem4f                   152     0         0      
    +--+----------------------------+-------+---------+---------+
       Total:                       414     0         0      
                                                             
    C:\ti\tirtos_tivac_2_16_01_14\products\bios_6_45_02_31\packages\ti\targets\arm\rtsarm\lib\auto_init.aem4f
       auto_init.oem4f              160     0         0      
    +--+----------------------------+-------+---------+---------+
       Total:                       160     0         0      
                                                             
    C:\ti\tirtos_tivac_2_16_01_14\products\bios_6_45_02_31\packages\ti\targets\arm\rtsarm\lib\boot.aem4f
       boot.oem4f                   88      0         0      
    +--+----------------------------+-------+---------+---------+
       Total:                       88      0         0      
                                                             
    C:\ti\tirtos_tivac_2_16_01_14\products\bios_6_45_02_31\packages\ti\targets\arm\rtsarm\lib\ti.targets.arm.rtsarm.aem4f
       System.oem4f                 1255    0         0      
       Text.oem4f                   672     0         0      
       Error.oem4f                  524     0         0      
       Core-mem.oem4f               358     0         0      
       Startup.oem4f                328     0         0      
       SysMin.oem4f                 248     0         0      
       Core-smem.oem4f              204     0         0      
       Memory.oem4f                 176     0         0      
       Assert.oem4f                 84      0         0      
       Core-params.oem4f            70      0         0      
       Core-label.oem4f             52      0         0      
       Registry.oem4f               32      0         0      
       Gate.oem4f                   28      0         0      
    +--+----------------------------+-------+---------+---------+
       Total:                       4031    0         0      
                                                             
       Stack:                       0       0         768    
       Linker Generated:            0       531       0      
    +--+----------------------------+-------+---------+---------+
       Grand Total:                 26277   8565      5713   


LINKER GENERATED COPY TABLES

__TI_cinit_table @ 000088a0 records: 3, size/record: 8, table size: 24
	.data: load addr=000086a0, load size=000001df bytes, run addr=20000f18, run size=0000043e bytes, compression=lzss
	.bss: load addr=00008890, load size=00000008 bytes, run addr=20000360, run size=00000bb4 bytes, compression=zero_init
	.vecs: load addr=00008898, load size=00000008 bytes, run addr=20000000, run size=00000360 bytes, compression=zero_init


LINKER GENERATED HANDLER TABLE

__TI_handler_table @ 00008880 records: 3, size/record: 4, table size: 12
	index: 0, handler: __TI_decompress_lzss
	index: 1, handler: __TI_decompress_none
	index: 2, handler: __TI_zero_init


GLOBAL SYMBOLS: SORTED ALPHABETICALLY BY Name 

address   name                                                              
-------   ----                                                              
000066b9  ADCIntClear                                                       
00005b29  ADCIntStatus                                                      
0000625d  ADCProcessorTrigger                                               
000054a9  ADCSequenceConfigure                                              
00005fe1  ADCSequenceDataGet                                                
00006599  ADCSequenceDisable                                                
000065a7  ADCSequenceEnable                                                 
00004305  ADCSequenceStepConfigure                                          
000037ed  ADC_Config                                                        
20000f08  AccelX                                                            
20000f0a  AccelY                                                            
20000f0c  AccelZ                                                            
00001ec5  C$$EXIT                                                           
0000560b  C$$IO$$                                                           
00002afd  CalibrateGyroAndAccelerometer                                     
20000ec8  CalibratedZeroAngle                                               
20001170  FilteredAngle                                                     
00005c39  GPIODirModeSet                                                    
0000266d  GPIOPadConfigSet                                                  
00005045  GPIOPinConfigure                                                  
00002533  GPIOPinRead                                                       
0000640d  GPIOPinTypeADC                                                    
00006275  GPIOPinTypeGPIOOutput                                             
0000641f  GPIOPinTypeI2C                                                    
00006431  GPIOPinTypeI2CSCL                                                 
00006443  GPIOPinTypePWM                                                    
00006455  GPIOPinTypeUART                                                   
0000475b  GPIOPinWrite                                                      
0000848c  GPIOTiva_config                                                   
00004285  GPIO_Config                                                       
00004d81  GPIO_toggle                                                       
000028cd  GetAngle                                                          
20000f0e  GyroX                                                             
20000f10  GyroY                                                             
20001158  GyroYOffset                                                       
20000f12  GyroZ                                                             
00004b81  HOSTwrite                                                         
000066eb  I2CMasterBusy                                                     
00000db5  I2CMasterControl                                                  
000012fd  I2CMasterDataGet                                                  
0000156d  I2CMasterDataPut                                                  
000066c3  I2CMasterEnable                                                   
0000508d  I2CMasterInitExpClk                                               
000066f3  I2CMasterSlaveAddrSet                                             
00004c31  I2C_Config                                                        
20000e60  MPU6050                                                           
000034d5  MPU6050_Config                                                    
00001089  PID                                                               
00005e51  PWMGenConfigure                                                   
0000660d  PWMGenEnable                                                      
000064b5  PWMGenPeriodSet                                                   
00006467  PWMOutputState                                                    
00005fff  PWMPulseWidthSet                                                  
0000405d  PWM_Config                                                        
UNDEFED   SHT$$INIT_ARRAY$$Base                                             
UNDEFED   SHT$$INIT_ARRAY$$Limit                                            
00002c0d  SysCtlClockGet                                                    
000032f9  SysCtlClockSet                                                    
00005463  SysCtlDelay                                                       
00006381  SysCtlPWMClockSet                                                 
00005769  SysCtlPeripheralEnable                                            
000055a5  SysCtlPeripheralPresent                                           
0000482d  TimerConfigure                                                    
000065b5  TimerEnable                                                       
000066fb  TimerIntEnable                                                    
00006479  TimerLoadSet                                                      
00005241  Timer_Config                                                      
000065c3  UARTCharGetNonBlocking                                            
000066cd  UARTCharPut                                                       
00005e73  UARTClockSourceSet                                                
000053e1  UARTConfigSetExpClk                                               
0000603d  UARTDisable                                                       
00006395  UARTEnable                                                        
00004c85  UARTStdioConfig                                                   
00004cd9  UART_Config                                                       
00005d05  UARTprintf                                                        
000007bd  UARTvprintf                                                       
00004ec1  UARTwrite                                                         
00000000  __ASM__                                                           
20000cc0  __CIOBUF_                                                         
00000093  __ISA__                                                           
000000a6  __PLAT__                                                          
20001658  __STACK_END                                                       
00000300  __STACK_SIZE                                                      
000000c7  __TARG__                                                          
000088a0  __TI_CINIT_Base                                                   
000088b8  __TI_CINIT_Limit                                                  
00008880  __TI_Handler_Table_Base                                           
0000888c  __TI_Handler_Table_Limit                                          
00003c19  __TI_auto_init                                                    
0000468d  __TI_decompress_lzss                                              
000065d1  __TI_decompress_none                                              
ffffffff  __TI_pprof_out_hndl                                               
ffffffff  __TI_prof_data_size                                               
ffffffff  __TI_prof_data_start                                              
0000579d  __TI_readmsg                                                      
000086a0  __TI_static_base__                                                
000055dd  __TI_writemsg                                                     
00006631  __TI_zero_init                                                    
000000ed  __TRDR__                                                          
00004179  __aeabi_cdrcmple                                                  
000050d5  __aeabi_d2iz                                                      
00001ba3  __aeabi_dadd                                                      
000023fd  __aeabi_ddiv                                                      
00002f19  __aeabi_dmul                                                      
00001b99  __aeabi_dsub                                                      
00005b57  __aeabi_i2d                                                       
00003f2f  __aeabi_idiv0                                                     
00003f2f  __aeabi_ldiv0                                                     
0000437f  __aeabi_memclr                                                    
0000437f  __aeabi_memclr4                                                   
0000437f  __aeabi_memclr8                                                   
00003d59  __aeabi_memcpy                                                    
00003d59  __aeabi_memcpy4                                                   
00003d59  __aeabi_memcpy8                                                   
00004381  __aeabi_memset                                                    
00004381  __aeabi_memset4                                                   
00004381  __aeabi_memset8                                                   
00005423  __aeabi_uidiv                                                     
00005423  __aeabi_uidivmod                                                  
ffffffff  __binit__                                                         
ffffffff  __c_args__                                                        
20001358  __stack                                                           
20000000  __start___llvm_prf_cnts                                           
20000000  __stop___llvm_prf_cnts                                            
0000628d  _args_main                                                        
00004b29  _c_int00                                                          
200012e0  _lock                                                             
00001d4f  _nop                                                              
00006619  _register_lock                                                    
00006625  _register_unlock                                                  
200012e4  _unlock                                                           
00001ec5  abort                                                             
00000ac9  atan                                                              
000019b5  atan2                                                             
000019b5  atan2l                                                            
00000ac9  atanl                                                             
ffffffff  binit                                                             
00004f0d  copy_in                                                           
20000ed0  desiredAngle                                                      
20001178  forward                                                           
00002179  getPIDConstants                                                   
200012e8  gpioCallbackFunctions                                             
200012b4  gpioPinConfigs                                                    
20000ef8  iteration                                                         
20000ed8  kd                                                                
20000efc  kd_raw                                                            
20000ee0  ki                                                                
20000f00  ki_raw                                                            
20000ee8  kp                                                                
20000f04  kp_raw                                                            
20001160  lasterror                                                         
00006059  leftMotorForward                                                  
00006075  leftMotorReverse                                                  
00005615  leftMotorSetSpeed                                                 
000057d1  main                                                              
20001154  main_func_sp                                                      
00003d59  memcpy                                                            
00004387  memset                                                            
00006539  osi_TaskDisable                                                   
[...]
00006651  ti_sysbios_family_arm_m3_Hwi_disableFxn__E                        
00006651  ti_sysbios_hal_Hwi_HwiProxy_disable__E                            
00006661  ti_sysbios_family_arm_m3_TaskSupport_checkStack__E                
00006661  ti_sysbios_knl_Task_SupportProxy_checkStack__E                    
00006671  ti_sysbios_gates_GateHwi_enter__E                                 
0000667d  ti_sysbios_knl_Queue_Object__get__S                               
00006689  xdc_runtime_Error_init__E                                         
00006695  xdc_runtime_Gate_enterSystem__E                                   
000066a1  xdc_runtime_Memory_calloc__E                                      
000066ad  xdc_runtime_Memory_getMaxDefaultTypeAlign__E                      
000066b9  ADCIntClear                                                       
000066c3  I2CMasterEnable                                                   
000066cd  UARTCharPut                                                       
000066d7  xdc_runtime_Memory_HeapProxy_alloc__E                             
000066e1  xdc_runtime_Memory_HeapProxy_free__E                              
000066eb  I2CMasterBusy                                                     
000066f3  I2CMasterSlaveAddrSet                                             
000066fb  TimerIntEnable                                                    
00006703  ti_sysbios_family_arm_lm4_Timer_masterDisable__I                  
0000670b  xdc_runtime_System_Module_startup__E                              
00006711  ti_sysbios_family_arm_m3_Hwi_doSwiRestore__I                      
00006719  ti_sysbios_family_arm_m3_Hwi_startup__E                           
00006719  ti_sysbios_hal_Hwi_HwiProxy_startup__E                            
00006719  ti_sysbios_hal_Hwi_startup__E                                     
00006721  ti_sysbios_family_arm_m3_Hwi_doTaskRestore__I                     
00006729  ti_sysbios_family_arm_m3_Hwi_restoreFxn__E                        
00006729  ti_sysbios_hal_Hwi_HwiProxy_restore__E                            
00006731  ti_sysbios_gates_GateHwi_leave__E                                 
00006739  ti_sysbios_heaps_HeapMem_isBlocking__E                            
00006741  ti_sysbios_knl_Queue_Instance_init__E                             
00006749  ti_sysbios_knl_Swi_startup__E                                     
00006751  ti_sysbios_gates_GateHwi_query__E                                 
00006751  xdc_runtime_Main_Module_GateProxy_query__E                        
00006751  xdc_runtime_System_Module_GateProxy_query__E                      
00006759  ti_sysbios_BIOS_RtsGateProxy_query__E                             
00006759  ti_sysbios_gates_GateMutex_query__E                               
00006759  ti_sysbios_heaps_HeapMem_Module_GateProxy_query__E                
00006761  ti_sysbios_knl_Task_startup__E                                    
00006769  ti_sysbios_gates_GateHwi_Instance_init__E                         
00006771  ti_sysbios_knl_Clock_logTick__E                                   
00006778  xdc_runtime_Text_charTab__A                                       
00007fe7  xdc_runtime_Error_policy__C                                       
00007fe8  xdc_runtime_Text_nodeTab__A                                       
000080a4  ti_catalog_arm_cortexm4_tiva_ce_Boot_A_mustUseEnhancedClockMode__C
000082cc  ti_sysbios_heaps_HeapMem_Module__FXNS__C                          
000082f4  ti_sysbios_gates_GateHwi_Module__FXNS__C                          
00008318  ti_sysbios_gates_GateMutex_Module__FXNS__C                        
0000833c  ti_sysbios_heaps_HeapMem_Object__PARAMS__C                        
00008360  ti_sysbios_knl_Semaphore_Object__PARAMS__C                        
00008384  ti_sysbios_gates_GateHwi_Object__DESC__C                          
000083a4  ti_sysbios_gates_GateMutex_Object__DESC__C                        
000083c4  ti_sysbios_heaps_HeapMem_Object__DESC__C                          
000083e4  ti_sysbios_knl_Queue_Object__DESC__C                              
00008404  ti_sysbios_knl_Semaphore_Object__DESC__C                          
00008424  xdc_runtime_Startup_sfxnTab__A                                    
00008444  ti_sysbios_gates_GateHwi_Object__PARAMS__C                        
0000845c  ti_sysbios_gates_GateMutex_Object__PARAMS__C                      
00008474  ti_sysbios_knl_Queue_Object__PARAMS__C                            
0000848c  GPIOTiva_config                                                   
000084a0  xdc_runtime_Startup_firstFxns__A                                  
000084c6  xdc_runtime_Startup_sfxnRts__A                                    
000084d6  ti_catalog_arm_cortexm4_tiva_ce_Boot_Module__id__C                
000084f0  ti_sysbios_family_arm_m3_Hwi_excHookFuncs__A                      
000084f8  ti_sysbios_knl_Idle_funcList__C                                   
00008500  xdc_runtime_Startup_firstFxns__C                                  
00008508  xdc_runtime_Startup_lastFxns__C                                   
00008510  ti_catalog_arm_cortexm4_tiva_ce_Boot_Module__diagsEnabled__C      
00008514  ti_catalog_arm_cortexm4_tiva_ce_Boot_Module__diagsIncluded__C     
00008518  ti_catalog_arm_cortexm4_tiva_ce_Boot_Module__diagsMask__C         
0000851c  ti_sysbios_family_arm_lm4_Timer_enableFunc__C                     
00008520  ti_sysbios_family_arm_lm4_Timer_numTimerDevices__C                
00008524  ti_sysbios_family_arm_lm4_Timer_startupNeeded__C                  
00008528  ti_sysbios_family_arm_m3_Hwi_E_NMI__C                             
0000852c  ti_sysbios_family_arm_m3_Hwi_E_busFault__C                        
00008530  ti_sysbios_family_arm_m3_Hwi_E_debugMon__C                        
00008534  ti_sysbios_family_arm_m3_Hwi_E_hardFault__C                       
00008538  ti_sysbios_family_arm_m3_Hwi_E_memFault__C                        
0000853c  ti_sysbios_family_arm_m3_Hwi_E_noIsr__C                           
00008540  ti_sysbios_family_arm_m3_Hwi_E_reserved__C                        
00008544  ti_sysbios_family_arm_m3_Hwi_E_svCall__C                          
00008548  ti_sysbios_family_arm_m3_Hwi_E_usageFault__C                      
0000854c  ti_sysbios_family_arm_m3_Hwi_NUM_INTERRUPTS__C                    
00008550  ti_sysbios_family_arm_m3_Hwi_Object__count__C                     
00008554  ti_sysbios_family_arm_m3_Hwi_ccr__C                               
00008558  ti_sysbios_family_arm_m3_Hwi_excHandlerFunc__C                    
0000855c  ti_sysbios_family_arm_m3_Hwi_excHookFuncs__C                      
00008560  ti_sysbios_family_arm_m3_Hwi_nullIsrFunc__C                       
00008564  ti_sysbios_family_arm_m3_Hwi_priGroup__C                          
00008568  ti_sysbios_gates_GateMutex_A_badContext__C                        
0000856c  ti_sysbios_gates_GateMutex_Instance_State_sem__O                  
00008570  ti_sysbios_gates_GateMutex_Module__diagsEnabled__C                
00008574  ti_sysbios_gates_GateMutex_Module__diagsIncluded__C               
00008578  ti_sysbios_gates_GateMutex_Module__diagsMask__C                   
0000857c  ti_sysbios_hal_Hwi_E_stackOverflow__C                             
00008580  ti_sysbios_heaps_HeapMem_A_align__C                               
00008584  ti_sysbios_heaps_HeapMem_A_heapSize__C                            
00008588  ti_sysbios_heaps_HeapMem_A_invalidFree__C                         
0000858c  ti_sysbios_heaps_HeapMem_A_zeroBlock__C                           
00008590  ti_sysbios_heaps_HeapMem_E_memory__C                              
00008594  ti_sysbios_heaps_HeapMem_Module__diagsEnabled__C                  
00008598  ti_sysbios_heaps_HeapMem_Module__diagsIncluded__C                 
0000859c  ti_sysbios_heaps_HeapMem_Module__diagsMask__C                     
000085a0  ti_sysbios_heaps_HeapMem_Module__gateObj__C                       
000085a4  ti_sysbios_heaps_HeapMem_Object__count__C                         
000085a8  ti_sysbios_heaps_HeapMem_reqAlign__C                              
000085ac  ti_sysbios_knl_Clock_Module_State_clockQ__O                       
000085b0  ti_sysbios_knl_Idle_funcList__A                                   
000085b4  ti_sysbios_knl_Semaphore_A_badContext__C                          
000085b8  ti_sysbios_knl_Semaphore_A_noEvents__C                            
000085bc  ti_sysbios_knl_Semaphore_A_overflow__C                            
000085c0  ti_sysbios_knl_Semaphore_A_pendTaskDisabled__C                    
000085c4  ti_sysbios_knl_Semaphore_Instance_State_pendQ__O                  
000085c8  ti_sysbios_knl_Semaphore_Module__diagsEnabled__C                  
000085cc  ti_sysbios_knl_Semaphore_Module__diagsIncluded__C                 
000085d0  ti_sysbios_knl_Semaphore_Module__diagsMask__C                     
000085d4  ti_sysbios_knl_Swi_Object__count__C                               
000085d8  ti_sysbios_knl_Task_E_spOutOfBounds__C                            
000085dc  ti_sysbios_knl_Task_E_stackOverflow__C                            
000085e0  ti_sysbios_knl_Task_Module_State_inactiveQ__O                     
000085e4  ti_sysbios_knl_Task_Object__count__C                              
000085e8  ti_sysbios_knl_Task_allBlockedFunc__C                             
000085ec  ti_sysbios_knl_Task_numConstructedTasks__C                        
000085f4  xdc_runtime_Assert_E_assertFailed__C                              
000085f8  xdc_runtime_Core_A_initializedParams__C                           
000085fc  xdc_runtime_Core_Module__diagsEnabled__C                          
00008600  xdc_runtime_Core_Module__diagsIncluded__C                         
00008604  xdc_runtime_Core_Module__diagsMask__C                             
00008608  xdc_runtime_Error_E_memory__C                                     
0000860c  xdc_runtime_Error_Module__diagsEnabled__C                         
00008610  xdc_runtime_Error_Module__diagsIncluded__C                        
00008614  xdc_runtime_Error_Module__diagsMask__C                            
00008618  xdc_runtime_Error_Module__loggerFxn8__C                           
0000861c  xdc_runtime_Error_Module__loggerObj__C                            
00008620  xdc_runtime_Error_policyFxn__C                                    
00008624  xdc_runtime_Error_raiseHook__C                                    
00008628  xdc_runtime_IGateProvider_Interface__BASE__C                      
0000862c  xdc_runtime_IHeap_Interface__BASE__C                              
00008630  xdc_runtime_IModule_Interface__BASE__C                            
00008634  xdc_runtime_Log_L_error__C                                        
00008638  xdc_runtime_Memory_defaultHeapInstance__C                         
0000863c  xdc_runtime_Startup_execImpl__C                                   
00008640  xdc_runtime_Startup_maxPasses__C                                  
00008644  xdc_runtime_Startup_sfxnRts__C                                    
00008648  xdc_runtime_Startup_sfxnTab__C                                    
0000864c  xdc_runtime_SysMin_bufSize__C                                     
00008650  xdc_runtime_SysMin_outputFunc__C                                  
00008654  xdc_runtime_System_Module__gateObj__C                             
00008658  xdc_runtime_System_abortFxn__C                                    
0000865c  xdc_runtime_System_exitFxn__C                                     
00008660  xdc_runtime_System_extendFxn__C                                   
00008664  xdc_runtime_System_maxAtexitHandlers__C                           
00008668  xdc_runtime_Text_charTab__C                                       
0000866c  xdc_runtime_Text_nameEmpty__C                                     
00008670  xdc_runtime_Text_nameStatic__C                                    
00008674  xdc_runtime_Text_nameUnknown__C                                   
00008678  xdc_runtime_Text_nodeTab__C                                       
0000867c  xdc_runtime_Text_visitRopeFxn__C                                  
00008680  ti_sysbios_family_arm_m3_Hwi_Module__id__C                        
00008682  ti_sysbios_gates_GateMutex_Module__id__C                          
00008684  ti_sysbios_hal_Hwi_Module__id__C                                  
00008686  ti_sysbios_heaps_HeapMem_Module__id__C                            
00008688  ti_sysbios_knl_Semaphore_Module__id__C                            
0000868a  ti_sysbios_knl_Task_Module__id__C                                 
0000868c  xdc_runtime_Core_Module__id__C                                    
0000868e  xdc_runtime_Error_Module__loggerDefined__C                        
00008690  xdc_runtime_Error_maxDepth__C                                     
00008692  xdc_runtime_Memory_Module__id__C                                  
00008694  xdc_runtime_SysMin_flushAtExit__C                                 
00008696  xdc_runtime_Text_charCnt__C                                       
00008698  xdc_runtime_Text_isLoaded__C                                      
0000869a  xdc_runtime_Text_registryModsLastId__C                            
0000869c  xdc_runtime_Text_unnamedModsLastId__C                             
000086a0  __TI_static_base__                                                
00008880  __TI_Handler_Table_Base                                           
0000888c  __TI_Handler_Table_Limit                                          
000088a0  __TI_CINIT_Base                                                   
000088b8  __TI_CINIT_Limit                                                  
20000000  __start___llvm_prf_cnts                                           
20000000  __stop___llvm_prf_cnts                                            
20000000  ti_sysbios_family_arm_m3_Hwi_ramVectors                           
20000360  ti_sysbios_heaps_HeapMem_Instance_State_0_buf__A                  
20000760  ti_sysbios_family_arm_m3_Hwi_dispatchTable                        
20000ac0  ti_sysbios_knl_Task_Instance_State_0_stack__A                     
20000cc0  __CIOBUF_                                                         
20000de0  xdc_runtime_SysMin_Module_State_0_outbuf__A                       
20000e60  MPU6050                                                           
20000ec8  CalibratedZeroAngle                                               
20000ed0  desiredAngle                                                      
20000ed8  kd                                                                
20000ee0  ki                                                                
20000ee8  kp                                                                
20000ef0  parmbuf                                                           
20000ef8  iteration                                                         
20000efc  kd_raw                                                            
20000f00  ki_raw                                                            
20000f04  kp_raw                                                            
20000f08  AccelX                                                            
20000f0a  AccelY                                                            
20000f0c  AccelZ                                                            
20000f0e  GyroX                                                             
20000f10  GyroY                                                             
20000f12  GyroZ                                                             
20000f18  ti_sysbios_knl_Swi_Module_State_0_readyQ__A                       
20000f98  ti_sysbios_knl_Task_Module_State_0_readyQ__A                      
20001018  ti_sysbios_knl_Task_Object__table__V                              
20001064  ti_sysbios_knl_Task_Module__state__V                              
200010a8  ti_sysbios_family_arm_lm4_Timer_Object__table__V                  
200010e8  ti_sysbios_gates_GateMutex_Object__table__V                       
20001120  ti_sysbios_family_arm_m3_Hwi_Module__state__V                     
20001154  main_func_sp                                                      
20001158  GyroYOffset                                                       
20001160  lasterror                                                         
20001168  sumError                                                          
20001170  FilteredAngle                                                     
20001178  forward                                                           
2000117c  reverse                                                           
20001180  turningleft                                                       
20001184  turningright                                                      
20001188  ti_sysbios_family_arm_lm4_Timer_Module_State_0_device__A          
200011b8  ti_sysbios_family_arm_m3_Hwi_Object__table__V                     
200011e8  ti_sysbios_knl_Swi_Object__table__V                               
20001218  ti_sysbios_knl_Clock_Module__state__V                             
20001244  ti_sysbios_BIOS_Module__state__V                                  
20001268  ti_sysbios_knl_Swi_Module__state__V                               
20001284  ti_sysbios_family_arm_lm4_Timer_Module_State_0_handles__A         
2000129c  ti_sysbios_heaps_HeapMem_Object__table__V                         
200012b4  gpioPinConfigs                                                    
200012c8  ti_sysbios_family_arm_lm4_Timer_Module__state__V                  
200012d4  xdc_runtime_SysMin_Module__state__V                               
200012e0  _lock                                                             
200012e4  _unlock                                                           
200012e8  gpioCallbackFunctions                                             
200012f0  ti_sysbios_gates_GateHwi_Module__root__V                          
200012f8  ti_sysbios_gates_GateMutex_Module__root__V                        
20001300  ti_sysbios_heaps_HeapMem_Module__root__V                          
20001308  ti_sysbios_knl_Queue_Module__root__V                              
20001310  ti_sysbios_knl_Semaphore_Module__root__V                          
20001318  xdc_runtime_Registry_Module__state__V                             
20001320  xdc_runtime_Startup_Module__state__V                              
20001328  xdc_runtime_System_Module_State_0_atexitHandlers__A               
20001330  xdc_runtime_System_Module__state__V                               
2000133e  ti_sysbios_family_arm_m3_Hwi_Module_State_0_excActive__A          
20001340  ti_sysbios_family_arm_m3_Hwi_Module_State_0_excContext__A         
20001344  ti_sysbios_family_arm_m3_Hwi_Module_State_0_excStack__A           
20001348  ti_sysbios_gates_GateHwi_Object__table__V                         
2000134c  ti_sysbios_knl_Task_Module_State_0_idleTask__A                    
20001350  xdc_runtime_Memory_Module__state__V                               
20001354  xdc_runtime_Error_Module__state__V                                
20001358  __stack                                                           
20001658  __STACK_END                                                       
e000e000  ti_sysbios_family_arm_m3_Hwi_nvic                                 
ffffffff  __TI_pprof_out_hndl                                               
ffffffff  __TI_prof_data_size                                               
ffffffff  __TI_prof_data_start                                              
ffffffff  __binit__                                                         
ffffffff  __c_args__                                                        
ffffffff  binit                                                             
UNDEFED   SHT$$INIT_ARRAY$$Base                                             
UNDEFED   SHT$$INIT_ARRAY$$Limit                                            

[597 symbols]
