******************************************************************************
                  TI ARM Linker PC v20.2.5                     
******************************************************************************
>> Linked Wed Jan 11 10:49:34 2023

OUTPUT FILE NAME:   <SelfBalancingRobot.out>
ENTRY POINT SYMBOL: "_c_int00"  address: 00004be9


MEMORY CONFIGURATION

         name            origin    length      used     unused   attr    fill
----------------------  --------  ---------  --------  --------  ----  --------
  FLASH                 00000000   00040000  00008880  00037780  R  X
  SRAM                  20000000   00008000  0000162e  000069d2  RW X


SEGMENT ALLOCATION MAP

run origin  load origin   length   init length attrs members
----------  ----------- ---------- ----------- ----- -------
00000000    00000000    00008890   00008890    r-x
  00000000    00000000    0000003c   0000003c    r-- .resetVecs
  00000040    00000040    00006782   00006782    r-x .text
  000067c8    000067c8    00001eca   00001eca    r-- .const
  00008698    00008698    000001f8   000001f8    r-- .cinit
20000000    20000000    00001630   00000000    rw-
  20000000    20000000    00000360   00000000    rw- .vecs
  20000360    20000360    00000bb0   00000000    rw- .bss
  20000f10    20000f10    0000041e   00000000    rw- .data
  20001330    20001330    00000300   00000000    rw- .stack


SECTION ALLOCATION MAP

 output                                  attributes/
section   page    origin      length       input sections
--------  ----  ----------  ----------   ----------------
.text      0    00000040    00006782     
                  00000040    00000430     sysbios.aem4f : BIOS.obj (.text:ti_sysbios_family_arm_m3_Hwi_excDumpRegs__I)
                  00000470    0000034c     ti.targets.arm.rtsarm.aem4f : System.oem4f (.text:xdc_runtime_System_doPrint__I)
                  000007bc    0000030c     uartstdio.obj (.text:UARTvprintf)
                  00000ac8    000002ec     rtsv7M4_T_le_v4SPD16_eabi.lib : s_atan.c.obj (.text:atan)
                  00000db4    00000004     driverlib.lib : i2c.obj (.text:I2CMasterControl)
                  00000db8    000002d0     sysbios.aem4f : BIOS.obj (.text:ti_sysbios_knl_Semaphore_pend__E)
                  00001088    0000026c                   : BIOS.obj (.text:ti_sysbios_heaps_HeapMem_free__E)
                  000012f4    00000260     empty.obj (.text:PID)
                  00001554    00000004     driverlib.lib : i2c.obj (.text:I2CMasterDataGet)
                  00001558    00000250     sysbios.aem4f : BIOS.obj (.text:ti_sysbios_heaps_HeapMem_alloc__E)
                  000017a8    000001f4     empty.obj (.text:readData)
                  0000199c    00000004     driverlib.lib : i2c.obj (.text:I2CMasterDataPut)
                  000019a0    000001f4     sysbios.aem4f : BIOS.obj (.text:ti_sysbios_family_arm_m3_Hwi_excHandlerMax__I)
                  00001b94    000001e4     rtsv7M4_T_le_v4SPD16_eabi.lib : e_atan2.c.obj (.text:atan2)
                  00001d78    000001b6                                   : fd_add_t2.asm.obj (.text)
                  00001f2e    00000002                                   : _lock.c.obj (.text:_nop)
                  00001f30    00000174     sysbios.aem4f : BIOS.obj (.text:ti_sysbios_family_arm_m3_Hwi_excBusFault__I)
                  000020a4    00000004     rtsv7M4_T_le_v4SPD16_eabi.lib : exit.c.obj (.text:abort:abort)
                  000020a8    00000164     sysbios.aem4f : BIOS.obj (.text:ti_sysbios_family_arm_m3_Hwi_excUsageFault__I)
                  0000220c    00000160     empty.obj (.text:CalibrateGyroAndAccelerometer)
                  0000236c    00000004     empty_pem4f.oem4f (.text:ti_sysbios_BIOS_RtsGateProxy_enter__E)
                  00002370    00000148     sysbios.aem4f : BIOS.obj (.text:ti_sysbios_family_arm_m3_Hwi_excMemFault__I)
                  000024b8    0000013c                   : BIOS.obj (.text:ti_sysbios_heaps_HeapMem_Instance_init__E)
                  000025f4    00000136     rtsv7M4_T_le_v4SPD16_eabi.lib : fd_div_t2.asm.obj (.text)
                  0000272a    00000006     driverlib.lib : gpio.obj (.text:GPIOPinWrite)
                  00002730    00000134     sysbios.aem4f : BIOS.obj (.text:ti_sysbios_family_arm_lm4_Timer_start__E)
                  00002864    00000130     driverlib.lib : gpio.obj (.text:GPIOPadConfigSet)
                  00002994    00000118     empty.obj (.text:GetAngle)
                  00002aac    00000118     ti.targets.arm.rtsarm.aem4f : Error.oem4f (.text:xdc_runtime_Error_policyDefault__E)
                  00002bc4    0000010c     driverlib.lib : sysctl.obj (.text:SysCtlClockGet)
                  00002cd0    00000104     empty.obj (.text:getPIDConstants)
                  00002dd4    00000100     Boot.aem4f : Boot_sysctl.oem4f (.text:ti_catalog_arm_cortexm4_tiva_ce_Boot_sysCtlClockSetI__I)
                  00002ed4    00000100     ti.targets.arm.rtsarm.aem4f : Core-mem.oem4f (.text:xdc_runtime_Core_createObject__I)
                  00002fd4    000000fc     rtsv7M4_T_le_v4SPD16_eabi.lib : fd_mul_t2.asm.obj (.text)
                  000030d0    000000f8     ti.targets.arm.rtsarm.aem4f : Startup.oem4f (.text:xdc_runtime_Startup_startMods__I)
                  000031c8    000000f8     empty_pem4f.oem4f (.text:xdc_runtime_System_printfExtend__I)
                  000032c0    000000f4     sysbios.aem4f : m3_Hwi_asm.obj (.text:ti_sysbios_family_arm_m3_Hwi_dispatch__I)
                  000033b4    000000f0     driverlib.lib : sysctl.obj (.text:SysCtlClockSet)
                  000034a4    00000004     empty_pem4f.oem4f (.text:ti_sysbios_BIOS_RtsGateProxy_leave__E)
                  000034a8    000000ec     sysbios.aem4f : BIOS.obj (.text:ti_sysbios_knl_Semaphore_post__E)
                  00003594    000000cc     ti.targets.arm.rtsarm.aem4f : Core-smem.oem4f (.text:xdc_runtime_Core_constructObject__I)
                  00003660    000000c4     empty.obj (.text:MPU6050_Config)
                  00003724    00000004     sysbios.aem4f : BIOS.obj (.text:ti_sysbios_family_arm_lm4_Timer_masterEnable__I)
                  00003728    000000bc                   : BIOS.obj (.text:ti_sysbios_family_arm_m3_Hwi_excDebugMon__I)
                  000037e4    00000004     empty_pem4f.oem4f (.text:ti_sysbios_family_arm_m3_TaskSupport_Module__startupDone__S)
                  000037e8    000000bc     sysbios.aem4f : BIOS.obj (.text:ti_sysbios_family_arm_m3_Hwi_excHardFault__I)
                  000038a4    000000b8     empty.obj (.text:ADC_Config)
                  0000395c    00000004     empty_pem4f.oem4f (.text:ti_sysbios_heaps_HeapMem_Module_GateProxy_enter__E)
                  00003960    000000b4     sysbios.aem4f : BIOS.obj (.text:ti_sysbios_gates_GateMutex_enter__E)
                  00003a14    00000004     empty_pem4f.oem4f (.text:ti_sysbios_heaps_HeapMem_Module_GateProxy_leave__E)
                  00003a18    000000b4     sysbios.aem4f : BIOS.obj (.text:ti_sysbios_knl_Task_checkStacks__E)
                  00003acc    00000004     empty_pem4f.oem4f (.text:ti_sysbios_knl_Clock_TimerProxy_getMaxTicks__E)
                  00003ad0    000000ac     sysbios.aem4f : BIOS.obj (.text:ti_sysbios_family_arm_lm4_Timer_enableTiva__I)
                  00003b7c    00000004     empty_pem4f.oem4f (.text:ti_sysbios_knl_Queue_destruct)
                  00003b80    000000a8     sysbios.aem4f : BIOS.obj (.text:ti_sysbios_family_arm_lm4_Timer_enableTimers__I)
                  00003c28    000000a8                   : BIOS.obj (.text:ti_sysbios_knl_Task_postInit__I)
                  00003cd0    000000a0     auto_init.aem4f : auto_init.oem4f (.text)
                  00003d70    000000a0     ti.targets.arm.rtsarm.aem4f : Text.oem4f (.text:xdc_runtime_Text_putMod__E)
                  00003e10    0000009c     rtsv7M4_T_le_v4SPD16_eabi.lib : memcpy_t2.asm.obj (.text)
                  00003eac    00000004     empty_pem4f.oem4f (.text:ti_sysbios_knl_Semaphore_destruct)
                  00003eb0    0000009c     sysbios.aem4f : BIOS.obj (.text:ti_sysbios_knl_Semaphore_Instance_init__E)
                  00003f4c    0000009a     ti.targets.arm.rtsarm.aem4f : Text.oem4f (.text:xdc_runtime_Text_putSite__E)
                  00003fe6    00000002     rtsv7M4_T_le_v4SPD16_eabi.lib : div0.asm.obj (.text)
                  00003fe8    00000098     Boot.aem4f : Boot.oem4f (.text:ti_catalog_arm_cortexm4_tiva_ce_Boot_sysCtlClockSet__E)
                  00004080    00000094     sysbios.aem4f : BIOS.obj (.text:ti_sysbios_family_arm_m3_Hwi_initNVIC__E)
                  00004114    00000090     empty.obj (.text:PWM_Config)
                  000041a4    0000008c     sysbios.aem4f : m3_TaskSupport_asm.obj (.text:ti_sysbios_family_arm_m3_TaskSupport_buildTaskStack)
                  00004230    00000086     rtsv7M4_T_le_v4SPD16_eabi.lib : fd_cmp_t2.asm.obj (.text:__aeabi_cdrcmple)
                  000042b6    00000002     empty_pem4f.oem4f (.text:ti_sysbios_BIOS_nullFunc__I)
                  000042b8    00000084     empty.obj (.text:GPIO_Config)
                  0000433c    00000004     ti.targets.arm.rtsarm.aem4f : Error.oem4f (.text:xdc_runtime_Error_getSite__E)
                  00004340    00000084     sysbios.aem4f : BIOS.obj (.text:ti_sysbios_family_arm_m3_Hwi_postInit__I)
                  000043c4    0000007a     driverlib.lib : adc.obj (.text:ADCSequenceStepConfigure)
                  0000443e    0000007a     rtsv7M4_T_le_v4SPD16_eabi.lib : memset_t2.asm.obj (.text)
                  000044b8    00000070     sysbios.aem4f : BIOS.obj (.text:ti_sysbios_knl_Clock_workFunc__E)
                  00004528    00000070                   : BIOS.obj (.text:ti_sysbios_knl_Task_exit__E)
                  00004598    0000006d     ti.targets.arm.rtsarm.aem4f : System.oem4f (.text:xdc_runtime_System_formatNum__I)
                  00004605    00000001     --HOLE-- [fill = 0]
                  00004606    00000002     empty_pem4f.oem4f (.text:xdc_runtime_Startup_reset__I)
                  00004608    0000006c     sysbios.aem4f : BIOS.obj (.text:ti_sysbios_knl_Swi_restoreHwi__E)
                  00004674    0000006c     ti.targets.arm.rtsarm.aem4f : Error.oem4f (.text:xdc_runtime_Error_print__E)
                  000046e0    0000006c                                 : Memory.oem4f (.text:xdc_runtime_Memory_alloc__E)
                  0000474c    00000068     rtsv7M4_T_le_v4SPD16_eabi.lib : copy_decompress_lzss.c.obj (.text:decompress:lzss:__TI_decompress_lzss)
                  000047b4    00000066     ti.targets.arm.rtsarm.aem4f : Core-mem.oem4f (.text:xdc_runtime_Core_deleteObject__I)
                  0000481a    00000006     driverlib.lib : sysctl.obj (.text:SysCtlDelay)
                  00004820    00000064     sysbios.aem4f : BIOS.obj (.text:ti_sysbios_family_arm_lm4_Timer_Module_startup__E)
                  00004884    00000004     empty_pem4f.oem4f (.text:xdc_runtime_System_Module_GateProxy_enter__E)
                  00004888    00000064     sysbios.aem4f : BIOS.obj (.text:ti_sysbios_family_arm_m3_Hwi_dispatchC__I)
                  000048ec    00000060     driverlib.lib : timer.obj (.text:TimerConfigure)
                  0000494c    00000004     empty_pem4f.oem4f (.text:xdc_runtime_System_Module_GateProxy_leave__E)
                  00004950    00000060     sysbios.aem4f : BIOS.obj (.text:ti_sysbios_family_arm_lm4_Timer_isrStub__E)
                  000049b0    00000060                   : BIOS.obj (.text:ti_sysbios_knl_Task_schedule__I)
                  00004a10    0000005c                   : BIOS.obj (.text:ti_sysbios_knl_Swi_run__I)
                  00004a6c    00000004     ti.targets.arm.rtsarm.aem4f : System.oem4f (.text:xdc_runtime_System_aprintf_va__F)
                  00004a70    0000005c     sysbios.aem4f : BIOS.obj (.text:ti_sysbios_knl_Swi_schedule__I)
                  00004acc    00000004     ti.targets.arm.rtsarm.aem4f : System.oem4f (.text:xdc_runtime_System_printf_va__F)
                  00004ad0    0000005c     sysbios.aem4f : BIOS.obj (.text:ti_sysbios_knl_Task_Module_startup__E)
                  00004b2c    00000004     --HOLE-- [fill = 0]
                  00004b30    0000005c                   : BIOS.obj (.text:ti_sysbios_knl_Task_startCore__E)
                  00004b8c    0000005b     ti.targets.arm.rtsarm.aem4f : Text.oem4f (.text:xdc_runtime_Text_putLab__E)
                  00004be7    00000001     --HOLE-- [fill = 0]
                  00004be8    00000058     boot.aem4f : boot.oem4f (.text)
                  00004c40    00000058     rtsv7M4_T_le_v4SPD16_eabi.lib : hostwrite.c.obj (.text:HOSTwrite)
                  00004c98    00000058     sysbios.aem4f : m3_Hwi_asm_switch.obj (.text:ti_sysbios_family_arm_m3_Hwi_initStacks__E)
                  00004cf0    00000054     empty.obj (.text:I2C_Config)
                  00004d44    00000054     uartstdio.obj (.text:UARTStdioConfig)
                  00004d98    00000054     empty.obj (.text:UART_Config)
                  00004dec    00000054     ti.targets.arm.rtsarm.aem4f : Assert.oem4f (.text:xdc_runtime_Assert_raise__I)
                  00004e40    00000050     sysbios.aem4f : BIOS.obj (.text:ti_sysbios_family_arm_m3_Hwi_Module_startup__E)
                  00004e90    00000050     ti.targets.arm.rtsarm.aem4f : Startup.oem4f (.text:xdc_runtime_Startup_exec__E)
                  00004ee0    00000050                                 : Text.oem4f (.text:xdc_runtime_Text_visitRope2__I)
                  00004f30    0000004c     uartstdio.obj (.text:UARTwrite)
                  00004f7c    0000004c     rtsv7M4_T_le_v4SPD16_eabi.lib : cpy_tbl.c.obj (.text:copy_in)
                  00004fc8    0000004c     sysbios.aem4f : BIOS.obj (.text:ti_sysbios_heaps_HeapMem_getStats__E)
                  00005014    00000004     --HOLE-- [fill = 0]
                  00005018    0000004c                   : BIOS.obj (.text:ti_sysbios_knl_Swi_runLoop__I)
                  00005064    00000004     --HOLE-- [fill = 0]
                  00005068    0000004c                   : BIOS.obj (.text:ti_sysbios_knl_Task_allBlockedFunction__I)
                  000050b4    00000048     driverlib.lib : gpio.obj (.text:GPIOPinConfigure)
                  000050fc    00000048                   : i2c.obj (.text:I2CMasterInitExpClk)
                  00005144    00000048     rtsv7M4_T_le_v4SPD16_eabi.lib : fd_toi_t2.asm.obj (.text)
                  0000518c    00000004     --HOLE-- [fill = 0]
                  00005190    00000048     sysbios.aem4f : BIOS.obj (.text:ti_sysbios_family_arm_m3_Hwi_disableInterrupt__E)
                  000051d8    00000048                   : BIOS.obj (.text:ti_sysbios_family_arm_m3_Hwi_enableInterrupt__E)
                  00005220    00000048                   : BIOS.obj (.text:ti_sysbios_family_arm_m3_Hwi_excReserved__I)
                  00005268    00000046     ti.targets.arm.rtsarm.aem4f : Core-params.oem4f (.text:xdc_runtime_Core_assignParams__I)
                  000052ae    00000002     --HOLE-- [fill = 0]
                  000052b0    00000044     sysbios.aem4f : BIOS.obj (.text:ti_sysbios_family_arm_m3_Hwi_getStackInfo__E)
                  000052f4    00000004     --HOLE-- [fill = 0]
                  000052f8    00000044                   : BIOS.obj (.text:ti_sysbios_knl_Swi_post__E)
                  0000533c    00000044     ti.targets.arm.rtsarm.aem4f : Error.oem4f (.text:xdc_runtime_Error_setX__E)
                  00005380    00000044                                 : SysMin.oem4f (.text:xdc_runtime_SysMin_flush__E)
                  000053c4    00000044                                 : Text.oem4f (.text:xdc_runtime_Text_xprintf__I)
                  00005408    00000042     driverlib.lib : uart.obj (.text:UARTConfigSetExpClk)
                  0000544a    00000002     --HOLE-- [fill = 0]
                  0000544c    00000040     empty.obj (.text:Timer_Config)
                  0000548c    00000040     rtsv7M4_T_le_v4SPD16_eabi.lib : u_divt2.asm.obj (.text)
                  000054cc    00000004     --HOLE-- [fill = 0]
                  000054d0    00000040     sysbios.aem4f : BIOS.obj (.text:ti_sysbios_family_arm_lm4_Timer_startup__E)
                  00005510    0000003e     driverlib.lib : adc.obj (.text:ADCSequenceConfigure)
                  0000554e    00000002     --HOLE-- [fill = 0]
                  00005550    0000003c     sysbios.aem4f : BIOS.obj (.text:ti_sysbios_family_arm_m3_Hwi_excSvCall__I)
                  0000558c    00000004     --HOLE-- [fill = 0]
                  00005590    0000003c                   : BIOS.obj (.text:ti_sysbios_heaps_HeapMem_init__I)
                  000055cc    00000004     --HOLE-- [fill = 0]
                  000055d0    0000003c                   : BIOS.obj (.text:ti_sysbios_knl_Swi_restore__E)
                  0000560c    00000038     driverlib.lib : sysctl.obj (.text:SysCtlPeripheralPresent)
                  00005644    00000038     rtsv7M4_T_le_v4SPD16_eabi.lib : trgmsg.c.obj (.text:__TI_writemsg)
                  0000567c    00000038     empty.obj (.text:leftMotorSetSpeed)
                  000056b4    00000038     empty.obj (.text:rightMotorSetSpeed)
                  000056ec    00000004     --HOLE-- [fill = 0]
                  000056f0    00000038     sysbios.aem4f : BIOS.obj (.text:ti_sysbios_family_arm_m3_Hwi_excNoIsr__I)
                  00005728    00000038                   : BIOS.obj (.text:ti_sysbios_knl_Task_processVitalTaskFlag__I)
                  00005760    00000038     ti.targets.arm.rtsarm.aem4f : SysMin.oem4f (.text:xdc_runtime_SysMin_putch__E)
                  00005798    00000038                                 : System.oem4f (.text:xdc_runtime_System_atexit__E)
                  000057d0    00000034     driverlib.lib : sysctl.obj (.text:SysCtlPeripheralEnable)
                  00005804    00000034     rtsv7M4_T_le_v4SPD16_eabi.lib : trgmsg.c.obj (.text:__TI_readmsg)
                  00005838    00000034     empty.obj (.text:main)
                  0000586c    00000004     --HOLE-- [fill = 0]
                  00005870    00000034     sysbios.aem4f : BIOS.obj (.text:ti_sysbios_family_arm_m3_Hwi_excNmi__I)
                  000058a4    00000004     --HOLE-- [fill = 0]
                  000058a8    00000034                   : BIOS.obj (.text:ti_sysbios_hal_Hwi_checkStack)
                  000058dc    00000034     ti.targets.arm.rtsarm.aem4f : Core-label.oem4f (.text:xdc_runtime_Core_assignLabel__I)
                  00005910    00000033                                 : Text.oem4f (.text:xdc_runtime_Text_printVisFxn__I)
                  00005943    00000005     --HOLE-- [fill = 0]
                  00005948    00000032     sysbios.aem4f : BIOS.obj (.text:ti_sysbios_hal_Hwi_initStack)
                  0000597a    00000002     --HOLE-- [fill = 0]
                  0000597c    00000030     empty_pem4f.oem4f (.text:ti_sysbios_BIOS_atExitFunc__I)
                  000059ac    00000004     --HOLE-- [fill = 0]
                  000059b0    00000030     sysbios.aem4f : BIOS.obj (.text:ti_sysbios_family_arm_lm4_Timer_stop__E)
                  000059e0    00000030                   : BIOS.obj (.text:ti_sysbios_family_arm_m3_TaskSupport_start__E)
                  00005a10    00000030     empty_pem4f.oem4f (.text:ti_sysbios_gates_GateHwi_Object__create__S)
                  00005a40    00000030     empty_pem4f.oem4f (.text:ti_sysbios_gates_GateMutex_Object__create__S)
                  00005a70    00000030     empty_pem4f.oem4f (.text:ti_sysbios_heaps_HeapMem_Object__create__S)
                  00005aa0    00000030     empty_pem4f.oem4f (.text:ti_sysbios_knl_Semaphore_construct)
                  00005ad0    00000030     sysbios.aem4f : BIOS.obj (.text:ti_sysbios_knl_Semaphore_pendTimeout__I)
                  00005b00    00000030                   : BIOS.obj (.text:ti_sysbios_knl_Task_unblockI__E)
                  00005b30    00000030     ti.targets.arm.rtsarm.aem4f : SysMin.oem4f (.text:xdc_runtime_SysMin_abort__E)
                  00005b60    00000030                                 : System.oem4f (.text:xdc_runtime_System_processAtExit__E)
                  00005b90    0000002e     driverlib.lib : adc.obj (.text:ADCIntStatus)
                  00005bbe    0000002e     rtsv7M4_T_le_v4SPD16_eabi.lib : i_tofd_t2.asm.obj (.text)
                  00005bec    0000002c     empty_pem4f.oem4f (.text:ti_sysbios_knl_Clock_doTick__I)
                  00005c18    0000002c     empty_pem4f.oem4f (.text:ti_sysbios_knl_Queue_construct)
                  00005c44    00000004     --HOLE-- [fill = 0]
                  00005c48    0000002c     sysbios.aem4f : BIOS.obj (.text:ti_sysbios_knl_Task_restore__E)
                  00005c74    0000002c     ti.targets.arm.rtsarm.aem4f : Text.oem4f (.text:xdc_runtime_Text_cordText__E)
                  00005ca0    0000002a     driverlib.lib : gpio.obj (.text:GPIODirModeSet)
                  00005cca    0000002a     ti.targets.arm.rtsarm.aem4f : System.oem4f (.text:xdc_runtime_System_putchar__I)
                  00005cf4    00000004     --HOLE-- [fill = 0]
                  00005cf8    00000028     sysbios.aem4f : BIOS.obj (.text:ti_sysbios_knl_Swi_Module_startup__E)
                  00005d20    00000026                   : m3_Hwi_asm.obj (.text:ti_sysbios_family_arm_m3_Hwi_pendSV__I)
                  00005d46    00000026     ti.targets.arm.rtsarm.aem4f : System.oem4f (.text:xdc_runtime_System_avprintf__E)
                  00005d6c    00000024     uartstdio.obj (.text:UARTprintf)
                  00005d90    00000024     empty_pem4f.oem4f (.text:ti_sysbios_BIOS_errorRaiseHook__I)
                  00005db4    00000024     empty_pem4f.oem4f (.text:ti_sysbios_BIOS_registerRTSLock__I)
                  00005dd8    00000024     empty_pem4f.oem4f (.text:ti_sysbios_BIOS_removeRTSLock__I)
                  00005dfc    00000024     empty_pem4f.oem4f (.text:ti_sysbios_BIOS_startFunc__I)
                  00005e20    00000024     empty_pem4f.oem4f (.text:ti_sysbios_gates_GateMutex_Object__delete__S)
                  00005e44    00000004     --HOLE-- [fill = 0]
                  00005e48    00000024     sysbios.aem4f : BIOS.obj (.text:ti_sysbios_knl_Clock_Module_startup__E)
                  00005e6c    00000004     --HOLE-- [fill = 0]
                  00005e70    00000024                   : BIOS.obj (.text:ti_sysbios_knl_Task_restoreHwi__E)
                  00005e94    00000024     ti.targets.arm.rtsarm.aem4f : System.oem4f (.text:xdc_runtime_System_vprintf__E)
                  00005eb8    00000022     driverlib.lib : pwm.obj (.text:PWMGenConfigure)
                  00005eda    00000006                   : uart.obj (.text:UARTClockSourceSet)
                  00005ee0    00000022     sysbios.aem4f : BIOS.obj (.text:ti_sysbios_family_arm_lm4_Timer_write__I)
                  00005f02    00000022     empty_pem4f.oem4f (.text:xdc_runtime_SysMin_output__I)
                  00005f24    00000020     empty_pem4f.oem4f (.text:ti_sysbios_BIOS_rtsLock__I)
                  00005f44    00000020     sysbios.aem4f : m3_Hwi_asm.obj (.text:ti_sysbios_family_arm_m3_Hwi_excHandlerAsm__I)
                  00005f64    00000004     --HOLE-- [fill = 0]
                  00005f68    00000020                   : BIOS.obj (.text:ti_sysbios_family_arm_m3_Hwi_excHandler__I)
                  00005f88    00000020     empty_pem4f.oem4f (.text:ti_sysbios_gates_GateHwi_Object__delete__S)
                  00005fa8    00000020     empty_pem4f.oem4f (.text:ti_sysbios_heaps_HeapMem_Object__delete__S)
                  00005fc8    00000020     sysbios.aem4f : BIOS.obj (.text:ti_sysbios_knl_Idle_run__E)
                  00005fe8    00000020     empty_pem4f.oem4f (.text:ti_sysbios_knl_Semaphore_Object__destruct__S)
                  00006008    00000020     ti.targets.arm.rtsarm.aem4f : Registry.oem4f (.text:xdc_runtime_Registry_findById__E)
                  00006028    00000020                                 : SysMin.oem4f (.text:xdc_runtime_SysMin_Module_startup__E)
                  00006048    0000001e     driverlib.lib : adc.obj (.text:ADCSequenceDataGet)
                  00006066    0000001e                   : pwm.obj (.text:PWMPulseWidthSet)
                  00006084    0000001e     sysbios.aem4f : m3_Hwi_asm_switch.obj (.text:ti_sysbios_family_xxx_Hwi_switchAndRunFunc)
                  000060a2    00000002     --HOLE-- [fill = 0]
                  000060a4    0000001c     driverlib.lib : uart.obj (.text:UARTDisable)
                  000060c0    0000001c     empty.obj (.text:leftMotorForward)
                  000060dc    0000001c     empty.obj (.text:leftMotorReverse)
                  000060f8    0000001c     empty.obj (.text:rightMotorForward)
                  00006114    0000001c     empty.obj (.text:rightMotorReverse)
                  00006130    0000001c     sysbios.aem4f : BIOS.obj (.text:ti_sysbios_gates_GateMutex_Instance_init__E)
                  0000614c    0000001c     empty_pem4f.oem4f (.text:ti_sysbios_knl_Queue_Object__destruct__S)
                  00006168    0000001c     sysbios.aem4f : BIOS.obj (.text:ti_sysbios_knl_Task_enter__I)
                  00006184    0000001c     ti.targets.arm.rtsarm.aem4f : Error.oem4f (.text:xdc_runtime_Error_raiseX__E)
                  000061a0    0000001c                                 : Memory.oem4f (.text:xdc_runtime_Memory_valloc__E)
                  000061bc    0000001c                                 : SysMin.oem4f (.text:xdc_runtime_SysMin_exit__E)
                  000061d8    0000001c                                 : System.oem4f (.text:xdc_runtime_System_abort__E)
                  000061f4    0000001a     empty_pem4f.oem4f (.text:ti_sysbios_family_arm_m3_Hwi_Handle__label__S)
                  0000620e    0000001a     empty_pem4f.oem4f (.text:ti_sysbios_gates_GateHwi_Handle__label__S)
                  00006228    0000001a     empty_pem4f.oem4f (.text:ti_sysbios_gates_GateMutex_Handle__label__S)
                  00006242    0000001a     empty_pem4f.oem4f (.text:ti_sysbios_heaps_HeapMem_Handle__label__S)
                  0000625c    0000001a     empty_pem4f.oem4f (.text:ti_sysbios_knl_Swi_Handle__label__S)
                  00006276    0000001a     empty_pem4f.oem4f (.text:ti_sysbios_knl_Task_Handle__label__S)
                  00006290    0000001a     empty_pem4f.oem4f (.text:xdc_runtime_System_aprintf__E)
                  000062aa    0000001a     empty_pem4f.oem4f (.text:xdc_runtime_System_printf__E)
                  000062c4    00000018     driverlib.lib : adc.obj (.text:ADCProcessorTrigger)
                  000062dc    00000018                   : gpio.obj (.text:GPIOPinTypeGPIOOutput)
                  000062f4    00000018     rtsv7M4_T_le_v4SPD16_eabi.lib : args_main.c.obj (.text:_args_main)
                  0000630c    00000018     empty_pem4f.oem4f (.text:ti_sysbios_BIOS_rtsUnlock__I)
                  00006324    00000018     empty_pem4f.oem4f (.text:ti_sysbios_family_arm_lm4_Timer_Module__startupDone__F)
                  0000633c    00000018     empty_pem4f.oem4f (.text:ti_sysbios_family_arm_m3_Hwi_Module__startupDone__F)
                  00006354    00000018     sysbios.aem4f : m3_TaskSupport_asm.obj (.text:ti_sysbios_family_arm_m3_TaskSupport_swap__E)
                  0000636c    00000004     --HOLE-- [fill = 0]
                  00006370    00000018                   : BIOS.obj (.text:ti_sysbios_gates_GateMutex_leave__E)
                  00006388    00000018     ti.targets.arm.rtsarm.aem4f : Error.oem4f (.text:xdc_runtime_Error_check__E)
                  000063a0    00000018                                 : System.oem4f (.text:xdc_runtime_System_exit__E)
                  000063b8    00000018                                 : Text.oem4f (.text:xdc_runtime_Text_ropeText__E)
                  000063d0    00000016     empty_pem4f.oem4f (.text:ti_sysbios_BIOS_exitFunc__I)
                  000063e6    00000002     --HOLE-- [fill = 0]
                  000063e8    00000014     driverlib.lib : sysctl.obj (.text:SysCtlPWMClockSet)
                  000063fc    00000014                   : uart.obj (.text:UARTEnable)
                  00006410    00000014     rtsv7M4_T_le_v4SPD16_eabi.lib : strlen.c.obj (.text:strlen)
                  00006424    00000014     empty_pem4f.oem4f (.text:ti_sysbios_family_arm_m3_Hwi_Object__get__S)
                  00006438    00000014     sysbios.aem4f : BIOS.obj (.text:ti_sysbios_family_arm_m3_Hwi_switchFromBootStack__E)
                  0000644c    00000014     empty_pem4f.oem4f (.text:ti_sysbios_heaps_HeapMem_Object__get__S)
                  00006460    00000014     empty_pem4f.oem4f (.text:ti_sysbios_knl_Swi_Object__get__S)
                  00006474    00000012     driverlib.lib : gpio.obj (.text:GPIOPinTypeADC)
                  00006486    00000012                   : gpio.obj (.text:GPIOPinTypeI2C)
                  00006498    00000012                   : gpio.obj (.text:GPIOPinTypeI2CSCL)
                  000064aa    00000012                   : gpio.obj (.text:GPIOPinTypePWM)
                  000064bc    00000012                   : gpio.obj (.text:GPIOPinTypeUART)
                  000064ce    00000012                   : pwm.obj (.text:PWMOutputState)
                  000064e0    00000012                   : timer.obj (.text:TimerLoadSet)
                  000064f2    00000006     Boot.aem4f : Boot_sysctl.oem4f (.text:ti_catalog_arm_cortexm4_tiva_ce_Boot_sysCtlDelayI__I)
                  000064f8    00000012     sysbios.aem4f : BIOS.obj (.text:ti_sysbios_hal_Hwi_Module_startup__E)
                  0000650a    00000012     empty_pem4f.oem4f (.text:xdc_runtime_Startup_exec__I)
                  0000651c    00000010     driverlib.lib : pwm.obj (.text:PWMGenPeriodSet)
                  0000652c    00000004     --HOLE-- [fill = 0]
                  00006530    00000010     sysbios.aem4f : BIOS.obj (.text:ti_sysbios_BIOS_setThreadType__E)
                  00006540    00000010                   : BIOS.obj (.text:ti_sysbios_BIOS_start__E)
                  00006550    00000010                   : m3_TaskSupport_asm.obj (.text:ti_sysbios_family_arm_m3_TaskSupport_glue)
                  00006560    00000010                   : BIOS.obj (.text:ti_sysbios_gates_GateMutex_Instance_finalize__E)
                  00006570    00000010                   : BIOS.obj (.text:ti_sysbios_knl_Semaphore_Instance_finalize__E)
                  00006580    00000010                   : BIOS.obj (.text:ti_sysbios_knl_Swi_disable__E)
                  00006590    00000010     empty_pem4f.oem4f (.text:ti_sysbios_knl_Task_Object__get__S)
                  000065a0    00000010     sysbios.aem4f : BIOS.obj (.text:ti_sysbios_knl_Task_disable__E)
                  000065b0    00000010     ti.targets.arm.rtsarm.aem4f : Gate.oem4f (.text:xdc_runtime_Gate_leaveSystem__E)
                  000065c0    00000010                                 : Memory.oem4f (.text:xdc_runtime_Memory_free__E)
                  000065d0    00000010                                 : SysMin.oem4f (.text:xdc_runtime_SysMin_ready__E)
                  000065e0    00000010                                 : System.oem4f (.text:xdc_runtime_System_vsnprintf__E)
                  000065f0    00000010     empty_pem4f.oem4f (.text:xdc_runtime_Text_visitRope__I)
                  00006600    0000000e     driverlib.lib : adc.obj (.text:ADCSequenceDisable)
                  0000660e    0000000e                   : adc.obj (.text:ADCSequenceEnable)
                  0000661c    0000000e                   : timer.obj (.text:TimerEnable)
                  0000662a    0000000e                   : uart.obj (.text:UARTCharGetNonBlocking)
                  00006638    0000000e     rtsv7M4_T_le_v4SPD16_eabi.lib : copy_decompress_none.c.obj (.text:decompress:none:__TI_decompress_none)
                  00006646    00000002     --HOLE-- [fill = 0]
                  00006648    0000000e     sysbios.aem4f : BIOS.obj (.text:ti_sysbios_knl_Idle_loop__E)
                  00006656    00000002     --HOLE-- [fill = 0]
                  00006658    0000000e                   : BIOS.obj (.text:ti_sysbios_knl_Queue_empty__E)
                  00006666    00000002     --HOLE-- [fill = 0]
                  00006668    0000000c     empty_pem4f.oem4f (.text:.bootCodeSection:ti_catalog_arm_cortexm4_tiva_ce_Boot_init__I)
                  00006674    0000000c     driverlib.lib : pwm.obj (.text:PWMGenEnable)
                  00006680    0000000c     rtsv7M4_T_le_v4SPD16_eabi.lib : _lock.c.obj (.text:_register_lock)
                  0000668c    0000000c                                   : _lock.c.obj (.text:_register_unlock)
                  00006698    0000000c                                   : copy_zero_init.c.obj (.text:decompress:ZI:__TI_zero_init)
                  000066a4    00000004     --HOLE-- [fill = 0]
                  000066a8    0000000c     sysbios.aem4f : BIOS.obj (.text:ti_sysbios_family_arm_lm4_Timer_getMaxTicks__E)
                  000066b4    00000004     --HOLE-- [fill = 0]
                  000066b8    0000000c                   : BIOS.obj (.text:ti_sysbios_family_arm_m3_TaskSupport_checkStack__E)
                  000066c4    00000004     --HOLE-- [fill = 0]
                  000066c8    0000000c                   : BIOS.obj (.text:ti_sysbios_gates_GateHwi_enter__E)
                  000066d4    0000000c     empty_pem4f.oem4f (.text:ti_sysbios_knl_Queue_Object__get__S)
                  000066e0    0000000c     ti.targets.arm.rtsarm.aem4f : Error.oem4f (.text:xdc_runtime_Error_init__E)
                  000066ec    0000000c                                 : Gate.oem4f (.text:xdc_runtime_Gate_enterSystem__E)
                  000066f8    0000000c                                 : Memory.oem4f (.text:xdc_runtime_Memory_calloc__E)
                  00006704    0000000c                                 : Memory.oem4f (.text:xdc_runtime_Memory_getMaxDefaultTypeAlign__E)
                  00006710    0000000a     driverlib.lib : adc.obj (.text:ADCIntClear)
                  0000671a    0000000a                   : i2c.obj (.text:I2CMasterEnable)
                  00006724    0000000a                   : uart.obj (.text:UARTCharPut)
                  0000672e    0000000a     empty_pem4f.oem4f (.text:xdc_runtime_IHeap_alloc)
                  00006738    0000000a     empty_pem4f.oem4f (.text:xdc_runtime_IHeap_free)
                  00006742    00000008     driverlib.lib : i2c.obj (.text:I2CMasterBusy)
                  0000674a    00000008                   : i2c.obj (.text:I2CMasterSlaveAddrSet)
                  00006752    00000008                   : timer.obj (.text:TimerIntEnable)
                  0000675a    00000008     sysbios.aem4f : BIOS.obj (.text:ti_sysbios_family_arm_lm4_Timer_masterDisable__I)
                  00006762    00000006     ti.targets.arm.rtsarm.aem4f : System.oem4f (.text:xdc_runtime_System_Module_startup__E)
                  00006768    00000008     sysbios.aem4f : BIOS.obj (.text:ti_sysbios_family_arm_m3_Hwi_doSwiRestore__I)
                  00006770    00000008                   : BIOS.obj (.text:ti_sysbios_family_arm_m3_Hwi_startup__E)
                  00006778    00000006                   : BIOS.obj (.text:ti_sysbios_family_arm_m3_Hwi_doTaskRestore__I)
                  0000677e    00000002     --HOLE-- [fill = 0]
                  00006780    00000006                   : BIOS.obj (.text:ti_sysbios_gates_GateHwi_leave__E)
                  00006786    00000002     --HOLE-- [fill = 0]
                  00006788    00000006                   : BIOS.obj (.text:ti_sysbios_heaps_HeapMem_isBlocking__E)
                  0000678e    00000002     --HOLE-- [fill = 0]
                  00006790    00000006                   : BIOS.obj (.text:ti_sysbios_knl_Queue_Instance_init__E)
                  00006796    00000002     --HOLE-- [fill = 0]
                  00006798    00000006                   : BIOS.obj (.text:ti_sysbios_knl_Swi_startup__E)
                  0000679e    00000002     --HOLE-- [fill = 0]
                  000067a0    00000004                   : BIOS.obj (.text:ti_sysbios_gates_GateHwi_query__E)
                  000067a4    00000004     --HOLE-- [fill = 0]
                  000067a8    00000004                   : BIOS.obj (.text:ti_sysbios_gates_GateMutex_query__E)
                  000067ac    00000004     --HOLE-- [fill = 0]
                  000067b0    00000004                   : BIOS.obj (.text:ti_sysbios_knl_Task_startup__E)
                  000067b4    00000004     --HOLE-- [fill = 0]
                  000067b8    00000002                   : BIOS.obj (.text:ti_sysbios_gates_GateHwi_Instance_init__E)
                  000067ba    00000006     --HOLE-- [fill = 0]
                  000067c0    00000002                   : BIOS.obj (.text:ti_sysbios_knl_Clock_logTick__E)

.const     0    000067c8    00001eca     
                  000067c8    0000186f     empty_pem4f.oem4f (.const:xdc_runtime_Text_charTab__A)
                  00008037    00000001     empty_pem4f.oem4f (.const:xdc_runtime_Error_policy__C)
                  00008038    000000bc     empty_pem4f.oem4f (.const:xdc_runtime_Text_nodeTab__A)
                  000080f4    00000004     empty_pem4f.oem4f (.const:ti_catalog_arm_cortexm4_tiva_ce_Boot_A_mustUseEnhancedClockMode__C)
                  000080f8    00000098     rtsv7M4_T_le_v4SPD16_eabi.lib : s_atan.c.obj (.const:$O1$$)
                  00008190    00000090     driverlib.lib : gpio.obj (.const:g_pui32GPIOBaseAddrs)
                  00008220    0000006c                   : sysctl.obj (.const:g_pui32Xtals)
                  0000828c    00000048     empty_pem4f.oem4f (.const:.string)
                  000082d4    00000028     empty_pem4f.oem4f (.const:ti_sysbios_heaps_HeapMem_Module__FXNS__C)
                  000082fc    00000024     empty_pem4f.oem4f (.const:ti_sysbios_gates_GateHwi_Module__FXNS__C)
                  00008320    00000024     empty_pem4f.oem4f (.const:ti_sysbios_gates_GateMutex_Module__FXNS__C)
                  00008344    00000024     empty_pem4f.oem4f (.const:ti_sysbios_heaps_HeapMem_Object__PARAMS__C)
                  00008368    00000024     empty_pem4f.oem4f (.const:ti_sysbios_knl_Semaphore_Object__PARAMS__C)
                  0000838c    00000020     empty_pem4f.oem4f (.const:ti_sysbios_gates_GateHwi_Object__DESC__C)
                  000083ac    00000020     empty_pem4f.oem4f (.const:ti_sysbios_gates_GateMutex_Object__DESC__C)
                  000083cc    00000020     empty_pem4f.oem4f (.const:ti_sysbios_heaps_HeapMem_Object__DESC__C)
                  000083ec    00000020     empty_pem4f.oem4f (.const:ti_sysbios_knl_Queue_Object__DESC__C)
                  0000840c    00000020     empty_pem4f.oem4f (.const:ti_sysbios_knl_Semaphore_Object__DESC__C)
                  0000842c    00000020     empty_pem4f.oem4f (.const:xdc_runtime_Startup_sfxnTab__A)
                  0000844c    00000018     empty_pem4f.oem4f (.const:ti_sysbios_gates_GateHwi_Object__PARAMS__C)
                  00008464    00000018     empty_pem4f.oem4f (.const:ti_sysbios_gates_GateMutex_Object__PARAMS__C)
                  0000847c    00000018     empty_pem4f.oem4f (.const:ti_sysbios_knl_Queue_Object__PARAMS__C)
                  00008494    00000014     empty_pem4f.oem4f (.const:xdc_runtime_Startup_firstFxns__A)
                  000084a8    00000012     uartstdio.obj (.const:.string)
                  000084ba    00000010     empty_pem4f.oem4f (.const:xdc_runtime_Startup_sfxnRts__A)
                  000084ca    00000002     empty_pem4f.oem4f (.const:ti_catalog_arm_cortexm4_tiva_ce_Boot_Module__id__C)
                  000084cc    0000000c     uartstdio.obj (.const:g_ui32UARTBase)
                  000084d8    0000000c     uartstdio.obj (.const:g_ui32UARTPeriph)
                  000084e4    00000008     empty_pem4f.oem4f (.const:ti_sysbios_family_arm_m3_Hwi_excHookFuncs__A)
                  000084ec    00000008     empty_pem4f.oem4f (.const:ti_sysbios_knl_Idle_funcList__C)
                  000084f4    00000008     empty_pem4f.oem4f (.const:xdc_runtime_Startup_firstFxns__C)
                  000084fc    00000008     empty_pem4f.oem4f (.const:xdc_runtime_Startup_lastFxns__C)
                  00008504    00000004     empty_pem4f.oem4f (.const:ti_catalog_arm_cortexm4_tiva_ce_Boot_Module__diagsEnabled__C)
                  00008508    00000004     empty_pem4f.oem4f (.const:ti_catalog_arm_cortexm4_tiva_ce_Boot_Module__diagsIncluded__C)
                  0000850c    00000004     empty_pem4f.oem4f (.const:ti_catalog_arm_cortexm4_tiva_ce_Boot_Module__diagsMask__C)
                  00008510    00000004     empty_pem4f.oem4f (.const:ti_sysbios_family_arm_lm4_Timer_enableFunc__C)
                  00008514    00000004     empty_pem4f.oem4f (.const:ti_sysbios_family_arm_lm4_Timer_numTimerDevices__C)
                  00008518    00000004     empty_pem4f.oem4f (.const:ti_sysbios_family_arm_lm4_Timer_startupNeeded__C)
                  0000851c    00000004     empty_pem4f.oem4f (.const:ti_sysbios_family_arm_m3_Hwi_E_NMI__C)
                  00008520    00000004     empty_pem4f.oem4f (.const:ti_sysbios_family_arm_m3_Hwi_E_busFault__C)
                  00008524    00000004     empty_pem4f.oem4f (.const:ti_sysbios_family_arm_m3_Hwi_E_debugMon__C)
                  00008528    00000004     empty_pem4f.oem4f (.const:ti_sysbios_family_arm_m3_Hwi_E_hardFault__C)
                  0000852c    00000004     empty_pem4f.oem4f (.const:ti_sysbios_family_arm_m3_Hwi_E_memFault__C)
                  00008530    00000004     empty_pem4f.oem4f (.const:ti_sysbios_family_arm_m3_Hwi_E_noIsr__C)
                  00008534    00000004     empty_pem4f.oem4f (.const:ti_sysbios_family_arm_m3_Hwi_E_reserved__C)
                  00008538    00000004     empty_pem4f.oem4f (.const:ti_sysbios_family_arm_m3_Hwi_E_svCall__C)
                  0000853c    00000004     empty_pem4f.oem4f (.const:ti_sysbios_family_arm_m3_Hwi_E_usageFault__C)
                  00008540    00000004     empty_pem4f.oem4f (.const:ti_sysbios_family_arm_m3_Hwi_NUM_INTERRUPTS__C)
                  00008544    00000004     empty_pem4f.oem4f (.const:ti_sysbios_family_arm_m3_Hwi_Object__count__C)
                  00008548    00000004     empty_pem4f.oem4f (.const:ti_sysbios_family_arm_m3_Hwi_ccr__C)
                  0000854c    00000004     empty_pem4f.oem4f (.const:ti_sysbios_family_arm_m3_Hwi_excHandlerFunc__C)
                  00008550    00000004     empty_pem4f.oem4f (.const:ti_sysbios_family_arm_m3_Hwi_excHookFuncs__C)
                  00008554    00000004     empty_pem4f.oem4f (.const:ti_sysbios_family_arm_m3_Hwi_nullIsrFunc__C)
                  00008558    00000004     empty_pem4f.oem4f (.const:ti_sysbios_family_arm_m3_Hwi_priGroup__C)
                  0000855c    00000004     empty_pem4f.oem4f (.const:ti_sysbios_gates_GateMutex_A_badContext__C)
                  00008560    00000004     empty_pem4f.oem4f (.const:ti_sysbios_gates_GateMutex_Instance_State_sem__O)
                  00008564    00000004     empty_pem4f.oem4f (.const:ti_sysbios_gates_GateMutex_Module__diagsEnabled__C)
                  00008568    00000004     empty_pem4f.oem4f (.const:ti_sysbios_gates_GateMutex_Module__diagsIncluded__C)
                  0000856c    00000004     empty_pem4f.oem4f (.const:ti_sysbios_gates_GateMutex_Module__diagsMask__C)
                  00008570    00000004     empty_pem4f.oem4f (.const:ti_sysbios_hal_Hwi_E_stackOverflow__C)
                  00008574    00000004     empty_pem4f.oem4f (.const:ti_sysbios_heaps_HeapMem_A_align__C)
                  00008578    00000004     empty_pem4f.oem4f (.const:ti_sysbios_heaps_HeapMem_A_heapSize__C)
                  0000857c    00000004     empty_pem4f.oem4f (.const:ti_sysbios_heaps_HeapMem_A_invalidFree__C)
                  00008580    00000004     empty_pem4f.oem4f (.const:ti_sysbios_heaps_HeapMem_A_zeroBlock__C)
                  00008584    00000004     empty_pem4f.oem4f (.const:ti_sysbios_heaps_HeapMem_E_memory__C)
                  00008588    00000004     empty_pem4f.oem4f (.const:ti_sysbios_heaps_HeapMem_Module__diagsEnabled__C)
                  0000858c    00000004     empty_pem4f.oem4f (.const:ti_sysbios_heaps_HeapMem_Module__diagsIncluded__C)
                  00008590    00000004     empty_pem4f.oem4f (.const:ti_sysbios_heaps_HeapMem_Module__diagsMask__C)
                  00008594    00000004     empty_pem4f.oem4f (.const:ti_sysbios_heaps_HeapMem_Module__gateObj__C)
                  00008598    00000004     empty_pem4f.oem4f (.const:ti_sysbios_heaps_HeapMem_Object__count__C)
                  0000859c    00000004     empty_pem4f.oem4f (.const:ti_sysbios_heaps_HeapMem_reqAlign__C)
                  000085a0    00000004     empty_pem4f.oem4f (.const:ti_sysbios_knl_Clock_Module_State_clockQ__O)
                  000085a4    00000004     empty_pem4f.oem4f (.const:ti_sysbios_knl_Idle_funcList__A)
                  000085a8    00000004     empty_pem4f.oem4f (.const:ti_sysbios_knl_Semaphore_A_badContext__C)
                  000085ac    00000004     empty_pem4f.oem4f (.const:ti_sysbios_knl_Semaphore_A_noEvents__C)
                  000085b0    00000004     empty_pem4f.oem4f (.const:ti_sysbios_knl_Semaphore_A_overflow__C)
                  000085b4    00000004     empty_pem4f.oem4f (.const:ti_sysbios_knl_Semaphore_A_pendTaskDisabled__C)
                  000085b8    00000004     empty_pem4f.oem4f (.const:ti_sysbios_knl_Semaphore_Instance_State_pendQ__O)
                  000085bc    00000004     empty_pem4f.oem4f (.const:ti_sysbios_knl_Semaphore_Module__diagsEnabled__C)
                  000085c0    00000004     empty_pem4f.oem4f (.const:ti_sysbios_knl_Semaphore_Module__diagsIncluded__C)
                  000085c4    00000004     empty_pem4f.oem4f (.const:ti_sysbios_knl_Semaphore_Module__diagsMask__C)
                  000085c8    00000004     empty_pem4f.oem4f (.const:ti_sysbios_knl_Swi_Object__count__C)
                  000085cc    00000004     empty_pem4f.oem4f (.const:ti_sysbios_knl_Task_E_spOutOfBounds__C)
                  000085d0    00000004     empty_pem4f.oem4f (.const:ti_sysbios_knl_Task_E_stackOverflow__C)
                  000085d4    00000004     empty_pem4f.oem4f (.const:ti_sysbios_knl_Task_Module_State_inactiveQ__O)
                  000085d8    00000004     empty_pem4f.oem4f (.const:ti_sysbios_knl_Task_Object__count__C)
                  000085dc    00000004     empty_pem4f.oem4f (.const:ti_sysbios_knl_Task_allBlockedFunc__C)
                  000085e0    00000004     empty_pem4f.oem4f (.const:ti_sysbios_knl_Task_numConstructedTasks__C)
                  000085e4    00000004     uartstdio.obj (.const)
                  000085e8    00000004     empty_pem4f.oem4f (.const:xdc_runtime_Assert_E_assertFailed__C)
                  000085ec    00000004     empty_pem4f.oem4f (.const:xdc_runtime_Core_A_initializedParams__C)
                  000085f0    00000004     empty_pem4f.oem4f (.const:xdc_runtime_Core_Module__diagsEnabled__C)
                  000085f4    00000004     empty_pem4f.oem4f (.const:xdc_runtime_Core_Module__diagsIncluded__C)
                  000085f8    00000004     empty_pem4f.oem4f (.const:xdc_runtime_Core_Module__diagsMask__C)
                  000085fc    00000004     empty_pem4f.oem4f (.const:xdc_runtime_Error_E_memory__C)
                  00008600    00000004     empty_pem4f.oem4f (.const:xdc_runtime_Error_Module__diagsEnabled__C)
                  00008604    00000004     empty_pem4f.oem4f (.const:xdc_runtime_Error_Module__diagsIncluded__C)
                  00008608    00000004     empty_pem4f.oem4f (.const:xdc_runtime_Error_Module__diagsMask__C)
                  0000860c    00000004     empty_pem4f.oem4f (.const:xdc_runtime_Error_Module__loggerFxn8__C)
                  00008610    00000004     empty_pem4f.oem4f (.const:xdc_runtime_Error_Module__loggerObj__C)
                  00008614    00000004     empty_pem4f.oem4f (.const:xdc_runtime_Error_policyFxn__C)
                  00008618    00000004     empty_pem4f.oem4f (.const:xdc_runtime_Error_raiseHook__C)
                  0000861c    00000004     empty_pem4f.oem4f (.const:xdc_runtime_IGateProvider_Interface__BASE__C)
                  00008620    00000004     empty_pem4f.oem4f (.const:xdc_runtime_IHeap_Interface__BASE__C)
                  00008624    00000004     empty_pem4f.oem4f (.const:xdc_runtime_IModule_Interface__BASE__C)
                  00008628    00000004     empty_pem4f.oem4f (.const:xdc_runtime_Log_L_error__C)
                  0000862c    00000004     empty_pem4f.oem4f (.const:xdc_runtime_Memory_defaultHeapInstance__C)
                  00008630    00000004     empty_pem4f.oem4f (.const:xdc_runtime_Startup_execImpl__C)
                  00008634    00000004     empty_pem4f.oem4f (.const:xdc_runtime_Startup_maxPasses__C)
                  00008638    00000004     empty_pem4f.oem4f (.const:xdc_runtime_Startup_sfxnRts__C)
                  0000863c    00000004     empty_pem4f.oem4f (.const:xdc_runtime_Startup_sfxnTab__C)
                  00008640    00000004     empty_pem4f.oem4f (.const:xdc_runtime_SysMin_bufSize__C)
                  00008644    00000004     empty_pem4f.oem4f (.const:xdc_runtime_SysMin_outputFunc__C)
                  00008648    00000004     empty_pem4f.oem4f (.const:xdc_runtime_System_Module__gateObj__C)
                  0000864c    00000004     empty_pem4f.oem4f (.const:xdc_runtime_System_abortFxn__C)
                  00008650    00000004     empty_pem4f.oem4f (.const:xdc_runtime_System_exitFxn__C)
                  00008654    00000004     empty_pem4f.oem4f (.const:xdc_runtime_System_extendFxn__C)
                  00008658    00000004     empty_pem4f.oem4f (.const:xdc_runtime_System_maxAtexitHandlers__C)
                  0000865c    00000004     empty_pem4f.oem4f (.const:xdc_runtime_Text_charTab__C)
                  00008660    00000004     empty_pem4f.oem4f (.const:xdc_runtime_Text_nameEmpty__C)
                  00008664    00000004     empty_pem4f.oem4f (.const:xdc_runtime_Text_nameStatic__C)
                  00008668    00000004     empty_pem4f.oem4f (.const:xdc_runtime_Text_nameUnknown__C)
                  0000866c    00000004     empty_pem4f.oem4f (.const:xdc_runtime_Text_nodeTab__C)
                  00008670    00000004     empty_pem4f.oem4f (.const:xdc_runtime_Text_visitRopeFxn__C)
                  00008674    00000002     empty_pem4f.oem4f (.const:ti_sysbios_family_arm_m3_Hwi_Module__id__C)
                  00008676    00000002     empty_pem4f.oem4f (.const:ti_sysbios_gates_GateMutex_Module__id__C)
                  00008678    00000002     empty_pem4f.oem4f (.const:ti_sysbios_hal_Hwi_Module__id__C)
                  0000867a    00000002     empty_pem4f.oem4f (.const:ti_sysbios_heaps_HeapMem_Module__id__C)
                  0000867c    00000002     empty_pem4f.oem4f (.const:ti_sysbios_knl_Semaphore_Module__id__C)
                  0000867e    00000002     empty_pem4f.oem4f (.const:ti_sysbios_knl_Task_Module__id__C)
                  00008680    00000002     empty_pem4f.oem4f (.const:xdc_runtime_Core_Module__id__C)
                  00008682    00000002     empty_pem4f.oem4f (.const:xdc_runtime_Error_Module__loggerDefined__C)
                  00008684    00000002     empty_pem4f.oem4f (.const:xdc_runtime_Error_maxDepth__C)
                  00008686    00000002     empty_pem4f.oem4f (.const:xdc_runtime_Memory_Module__id__C)
                  00008688    00000002     empty_pem4f.oem4f (.const:xdc_runtime_SysMin_flushAtExit__C)
                  0000868a    00000002     empty_pem4f.oem4f (.const:xdc_runtime_Text_charCnt__C)
                  0000868c    00000002     empty_pem4f.oem4f (.const:xdc_runtime_Text_isLoaded__C)
                  0000868e    00000002     empty_pem4f.oem4f (.const:xdc_runtime_Text_registryModsLastId__C)
                  00008690    00000002     empty_pem4f.oem4f (.const:xdc_runtime_Text_unnamedModsLastId__C)

.cinit     0    00008698    000001f8     
                  00008698    000001c1     (.cinit..data.load) [load image, compression = lzss]
                  00008859    00000003     --HOLE-- [fill = 0]
                  0000885c    0000000c     (__TI_handler_table)
                  00008868    00000008     (.cinit..bss.load) [load image, compression = zero_init]
                  00008870    00000008     (.cinit..vecs.load) [load image, compression = zero_init]
                  00008878    00000018     (__TI_cinit_table)

.init_array 
*          0    00000000    00000000     UNINITIALIZED

.resetVecs 
*          0    00000000    0000003c     
                  00000000    0000003c     empty_pem4f.oem4f (.resetVecs)

.bss       0    20000360    00000bb0     UNINITIALIZED
                  20000360    00000400     (.common:ti_sysbios_heaps_HeapMem_Instance_State_0_buf__A)
                  20000760    00000360     (.common:ti_sysbios_family_arm_m3_Hwi_dispatchTable)
                  20000ac0    00000200     empty_pem4f.oem4f (.bss:taskStackSection)
                  20000cc0    00000120     rtsv7M4_T_le_v4SPD16_eabi.lib : trgmsg.c.obj (.bss:_CIOBUF_)
                  20000de0    00000080     (.common:xdc_runtime_SysMin_Module_State_0_outbuf__A)
                  20000e60    00000068     (.common:MPU6050)
                  20000ec8    00000008     (.common:CalibratedZeroAngle)
                  20000ed0    00000008     (.common:desiredAngle)
                  20000ed8    00000008     (.common:kd)
                  20000ee0    00000008     (.common:ki)
                  20000ee8    00000008     (.common:kp)
                  20000ef0    00000008     (.common:parmbuf)
                  20000ef8    00000004     (.common:kd_raw)
                  20000efc    00000004     (.common:ki_raw)
                  20000f00    00000004     (.common:kp_raw)
                  20000f04    00000002     (.common:AccelX)
                  20000f06    00000002     (.common:AccelY)
                  20000f08    00000002     (.common:AccelZ)
                  20000f0a    00000002     (.common:GyroX)
                  20000f0c    00000002     (.common:GyroY)
                  20000f0e    00000002     (.common:GyroZ)

.data      0    20000f10    0000041e     UNINITIALIZED
                  20000f10    00000080     empty_pem4f.oem4f (.data:ti_sysbios_knl_Swi_Module_State_0_readyQ__A)
                  20000f90    00000080     empty_pem4f.oem4f (.data:ti_sysbios_knl_Task_Module_State_0_readyQ__A)
                  20001010    0000004c     empty_pem4f.oem4f (.data:ti_sysbios_knl_Task_Object__table__V)
                  2000105c    00000044     empty_pem4f.oem4f (.data:ti_sysbios_knl_Task_Module__state__V)
                  200010a0    00000040     empty_pem4f.oem4f (.data:ti_sysbios_family_arm_lm4_Timer_Object__table__V)
                  200010e0    00000038     empty_pem4f.oem4f (.data:ti_sysbios_gates_GateMutex_Object__table__V)
                  20001118    00000034     empty_pem4f.oem4f (.data:ti_sysbios_family_arm_m3_Hwi_Module__state__V)
                  2000114c    00000030     empty_pem4f.oem4f (.data:ti_sysbios_family_arm_lm4_Timer_Module_State_0_device__A)
                  2000117c    00000030     empty_pem4f.oem4f (.data:ti_sysbios_family_arm_m3_Hwi_Object__table__V)
                  200011ac    00000030     empty_pem4f.oem4f (.data:ti_sysbios_knl_Swi_Object__table__V)
                  200011dc    00000004     rtsv7M4_T_le_v4SPD16_eabi.lib : stkdepth_vars.c.obj (.data)
                  200011e0    0000002c     empty.obj (.data)
                  2000120c    0000002c     empty_pem4f.oem4f (.data:ti_sysbios_knl_Clock_Module__state__V)
                  20001238    00000024     empty_pem4f.oem4f (.data:ti_sysbios_BIOS_Module__state__V)
                  2000125c    0000001c     empty_pem4f.oem4f (.data:ti_sysbios_knl_Swi_Module__state__V)
                  20001278    00000018     empty_pem4f.oem4f (.data:ti_sysbios_family_arm_lm4_Timer_Module_State_0_handles__A)
                  20001290    00000018     empty_pem4f.oem4f (.data:ti_sysbios_heaps_HeapMem_Object__table__V)
                  200012a8    0000000c     empty_pem4f.oem4f (.data:ti_sysbios_family_arm_lm4_Timer_Module__state__V)
                  200012b4    0000000c     empty_pem4f.oem4f (.data:xdc_runtime_SysMin_Module__state__V)
                  200012c0    00000008     rtsv7M4_T_le_v4SPD16_eabi.lib : _lock.c.obj (.data:$O1$$)
                  200012c8    00000008     empty_pem4f.oem4f (.data:ti_sysbios_gates_GateHwi_Module__root__V)
                  200012d0    00000008     empty_pem4f.oem4f (.data:ti_sysbios_gates_GateMutex_Module__root__V)
                  200012d8    00000008     empty_pem4f.oem4f (.data:ti_sysbios_heaps_HeapMem_Module__root__V)
                  200012e0    00000008     empty_pem4f.oem4f (.data:ti_sysbios_knl_Queue_Module__root__V)
                  200012e8    00000008     empty_pem4f.oem4f (.data:ti_sysbios_knl_Semaphore_Module__root__V)
                  200012f0    00000008     empty_pem4f.oem4f (.data:xdc_runtime_Registry_Module__state__V)
                  200012f8    00000008     empty_pem4f.oem4f (.data:xdc_runtime_Startup_Module__state__V)
                  20001300    00000008     empty_pem4f.oem4f (.data:xdc_runtime_System_Module_State_0_atexitHandlers__A)
                  20001308    00000008     empty_pem4f.oem4f (.data:xdc_runtime_System_Module__state__V)
                  20001310    00000005     uartstdio.obj (.data)
                  20001315    00000001     --HOLE--
                  20001316    00000002     empty_pem4f.oem4f (.data:ti_sysbios_family_arm_m3_Hwi_Module_State_0_excActive__A)
                  20001318    00000004     empty_pem4f.oem4f (.data:ti_sysbios_family_arm_m3_Hwi_Module_State_0_excContext__A)
                  2000131c    00000004     empty_pem4f.oem4f (.data:ti_sysbios_family_arm_m3_Hwi_Module_State_0_excStack__A)
                  20001320    00000004     empty_pem4f.oem4f (.data:ti_sysbios_gates_GateHwi_Object__table__V)
                  20001324    00000004     empty_pem4f.oem4f (.data:ti_sysbios_knl_Task_Module_State_0_idleTask__A)
                  20001328    00000004     empty_pem4f.oem4f (.data:xdc_runtime_Memory_Module__state__V)
                  2000132c    00000002     empty_pem4f.oem4f (.data:xdc_runtime_Error_Module__state__V)

.stack     0    20001330    00000300     UNINITIALIZED
                  20001330    00000300     --HOLE--

.bootVecs 
*          0    00000000    00000008     DSECT
                  00000000    00000008     boot.aem4f : boot.oem4f (.bootVecs)

.vecs      0    20000000    00000360     UNINITIALIZED
                  20000000    00000360     empty_pem4f.oem4f (.vecs)

xdc.meta   0    00000000    00000100     COPY SECTION
                  00000000    00000100     empty_pem4f.oem4f (xdc.meta)

__llvm_prf_cnts 
*          0    20000000    00000000     UNINITIALIZED

MODULE SUMMARY

       Module                       code    ro data   rw data
       ------                       ----    -------   -------
    .\
       empty.obj                    3164    0         212    
       uartstdio.obj                976     46        5      
    +--+----------------------------+-------+---------+---------+
       Total:                       4140    46        217    
                                                             
    C:\Users\Zachary\Desktop\SelfBalancingRobotWorkspace\SelfBalancingRobot\Debug\configPkg\package\cfg\
       empty_pem4f.oem4f            1446    7492      4384   
    +--+----------------------------+-------+---------+---------+
       Total:                       1446    7492      4384   
                                                             
    C:/ti/tirtos_tivac_2_16_01_14/products/TivaWare_C_Series-2.1.1.71b/driverlib/ccs/Debug/driverlib.lib
       sysctl.obj                   642     108       0      
       gpio.obj                     538     144       0      
       adc.obj                      322     0         0      
       uart.obj                     144     0         0      
       timer.obj                    136     0         0      
       i2c.obj                      110     0         0      
       pwm.obj                      110     0         0      
    +--+----------------------------+-------+---------+---------+
       Total:                       2002    252       0      
                                                             
    C:\Users\Zachary\Desktop\SelfBalancingRobotWorkspace\SelfBalancingRobot\src\sysbios\sysbios.aem4f
       BIOS.obj                     10160   0         0      
       m3_Hwi_asm.obj               314     0         0      
       m3_TaskSupport_asm.obj       180     0         0      
       m3_Hwi_asm_switch.obj        118     0         0      
    +--+----------------------------+-------+---------+---------+
       Total:                       10772   0         0      
                                                             
    C:\ti\ccs1040\ccs\tools\compiler\ti-cgt-arm_20.2.5.LTS\lib\rtsv7M4_T_le_v4SPD16_eabi.lib
       s_atan.c.obj                 748     152       0      
       e_atan2.c.obj                484     0         0      
       fd_add_t2.asm.obj            438     0         0      
       trgmsg.c.obj                 108     0         288    
       fd_div_t2.asm.obj            310     0         0      
       fd_mul_t2.asm.obj            252     0         0      
       memcpy_t2.asm.obj            156     0         0      
       fd_cmp_t2.asm.obj            134     0         0      
       memset_t2.asm.obj            122     0         0      
       copy_decompress_lzss.c.obj   104     0         0      
       hostwrite.c.obj              88      0         0      
       cpy_tbl.c.obj                76      0         0      
       fd_toi_t2.asm.obj            72      0         0      
       u_divt2.asm.obj              64      0         0      
       i_tofd_t2.asm.obj            46      0         0      
       _lock.c.obj                  26      0         8      
       args_main.c.obj              24      0         0      
       strlen.c.obj                 20      0         0      
       copy_decompress_none.c.obj   14      0         0      
       copy_zero_init.c.obj         12      0         0      
       hostopen.c.obj               0       0         8      
       exit.c.obj                   4       0         0      
       stkdepth_vars.c.obj          0       0         4      
       div0.asm.obj                 2       0         0      
    +--+----------------------------+-------+---------+---------+
       Total:                       3304    152       308    
                                                             
    C:\ti\tirtos_tivac_2_16_01_14\products\bios_6_45_02_31\packages\ti\catalog\arm\cortexm4\tiva\ce\lib\Boot.aem4f
       Boot_sysctl.oem4f            262     0         0      
       Boot.oem4f                   152     0         0      
    +--+----------------------------+-------+---------+---------+
       Total:                       414     0         0      
                                                             
    C:\ti\tirtos_tivac_2_16_01_14\products\bios_6_45_02_31\packages\ti\targets\arm\rtsarm\lib\auto_init.aem4f
       auto_init.oem4f              160     0         0      
    +--+----------------------------+-------+---------+---------+
       Total:                       160     0         0      
                                                             
    C:\ti\tirtos_tivac_2_16_01_14\products\bios_6_45_02_31\packages\ti\targets\arm\rtsarm\lib\boot.aem4f
       boot.oem4f                   88      0         0      
    +--+----------------------------+-------+---------+---------+
       Total:                       88      0         0      
                                                             
    C:\ti\tirtos_tivac_2_16_01_14\products\bios_6_45_02_31\packages\ti\targets\arm\rtsarm\lib\ti.targets.arm.rtsarm.aem4f
       System.oem4f                 1255    0         0      
       Text.oem4f                   672     0         0      
       Error.oem4f                  524     0         0      
       Core-mem.oem4f               358     0         0      
       Startup.oem4f                328     0         0      
       SysMin.oem4f                 248     0         0      
       Core-smem.oem4f              204     0         0      
       Memory.oem4f                 176     0         0      
       Assert.oem4f                 84      0         0      
       Core-params.oem4f            70      0         0      
       Core-label.oem4f             52      0         0      
       Registry.oem4f               32      0         0      
       Gate.oem4f                   28      0         0      
    +--+----------------------------+-------+---------+---------+
       Total:                       4031    0         0      
                                                             
       Stack:                       0       0         768    
       Linker Generated:            0       501       0      
    +--+----------------------------+-------+---------+---------+
       Grand Total:                 26357   8443      5677   


LINKER GENERATED COPY TABLES

__TI_cinit_table @ 00008878 records: 3, size/record: 8, table size: 24
	.data: load addr=00008698, load size=000001c1 bytes, run addr=20000f10, run size=0000041e bytes, compression=lzss
	.bss: load addr=00008868, load size=00000008 bytes, run addr=20000360, run size=00000bb0 bytes, compression=zero_init
	.vecs: load addr=00008870, load size=00000008 bytes, run addr=20000000, run size=00000360 bytes, compression=zero_init


LINKER GENERATED HANDLER TABLE

__TI_handler_table @ 0000885c records: 3, size/record: 4, table size: 12
	index: 0, handler: __TI_decompress_lzss
	index: 1, handler: __TI_decompress_none
	index: 2, handler: __TI_zero_init


GLOBAL SYMBOLS: SORTED ALPHABETICALLY BY Name 

address   name                                                              
-------   ----                                                              
00006711  ADCIntClear                                                       
00005b91  ADCIntStatus                                                      
000062c5  ADCProcessorTrigger                                               
00005511  ADCSequenceConfigure                                              
00006049  ADCSequenceDataGet                                                
00006601  ADCSequenceDisable                                                
0000660f  ADCSequenceEnable                                                 
000043c5  ADCSequenceStepConfigure                                          
000038a5  ADC_Config                                                        
20000f04  AccelX                                                            
20000f06  AccelY                                                            
20000f08  AccelZ                                                            
000020a5  C$$EXIT                                                           
00005673  C$$IO$$                                                           
0000220d  CalibrateGyroAndAccelerometer                                     
20000ec8  CalibratedZeroAngle                                               
200011f8  FilteredAngle                                                     
00005ca1  GPIODirModeSet                                                    
00002865  GPIOPadConfigSet                                                  
000050b5  GPIOPinConfigure                                                  
00006475  GPIOPinTypeADC                                                    
000062dd  GPIOPinTypeGPIOOutput                                             
00006487  GPIOPinTypeI2C                                                    
00006499  GPIOPinTypeI2CSCL                                                 
000064ab  GPIOPinTypePWM                                                    
000064bd  GPIOPinTypeUART                                                   
0000272b  GPIOPinWrite                                                      
000042b9  GPIO_Config                                                       
00002995  GetAngle                                                          
20000f0a  GyroX                                                             
20000f0c  GyroY                                                             
200011e0  GyroYOffset                                                       
20000f0e  GyroZ                                                             
00004c41  HOSTwrite                                                         
00006743  I2CMasterBusy                                                     
00000db5  I2CMasterControl                                                  
00001555  I2CMasterDataGet                                                  
0000199d  I2CMasterDataPut                                                  
0000671b  I2CMasterEnable                                                   
000050fd  I2CMasterInitExpClk                                               
0000674b  I2CMasterSlaveAddrSet                                             
00004cf1  I2C_Config                                                        
20000e60  MPU6050                                                           
00003661  MPU6050_Config                                                    
000012f5  PID                                                               
00005eb9  PWMGenConfigure                                                   
00006675  PWMGenEnable                                                      
0000651d  PWMGenPeriodSet                                                   
000064cf  PWMOutputState                                                    
00006067  PWMPulseWidthSet                                                  
00004115  PWM_Config                                                        
UNDEFED   SHT$$INIT_ARRAY$$Base                                             
UNDEFED   SHT$$INIT_ARRAY$$Limit                                            
00002bc5  SysCtlClockGet                                                    
000033b5  SysCtlClockSet                                                    
0000481b  SysCtlDelay                                                       
000063e9  SysCtlPWMClockSet                                                 
000057d1  SysCtlPeripheralEnable                                            
0000560d  SysCtlPeripheralPresent                                           
000048ed  TimerConfigure                                                    
0000661d  TimerEnable                                                       
00006753  TimerIntEnable                                                    
000064e1  TimerLoadSet                                                      
0000544d  Timer_Config                                                      
0000662b  UARTCharGetNonBlocking                                            
00006725  UARTCharPut                                                       
00005edb  UARTClockSourceSet                                                
00005409  UARTConfigSetExpClk                                               
000060a5  UARTDisable                                                       
000063fd  UARTEnable                                                        
00004d45  UARTStdioConfig                                                   
00004d99  UART_Config                                                       
00005d6d  UARTprintf                                                        
000007bd  UARTvprintf                                                       
00004f31  UARTwrite                                                         
00000000  __ASM__                                                           
20000cc0  __CIOBUF_                                                         
0000007e  __ISA__                                                           
00000091  __PLAT__                                                          
20001630  __STACK_END                                                       
00000300  __STACK_SIZE                                                      
000000b2  __TARG__                                                          
00008878  __TI_CINIT_Base                                                   
00008890  __TI_CINIT_Limit                                                  
0000885c  __TI_Handler_Table_Base                                           
00008868  __TI_Handler_Table_Limit                                          
00003cd1  __TI_auto_init                                                    
0000474d  __TI_decompress_lzss                                              
00006639  __TI_decompress_none                                              
ffffffff  __TI_pprof_out_hndl                                               
ffffffff  __TI_prof_data_size                                               
ffffffff  __TI_prof_data_start                                              
00005805  __TI_readmsg                                                      
00008698  __TI_static_base__                                                
00005645  __TI_writemsg                                                     
00006699  __TI_zero_init                                                    
000000d8  __TRDR__                                                          
00004231  __aeabi_cdrcmple                                                  
00005145  __aeabi_d2iz                                                      
00001d83  __aeabi_dadd                                                      
000025f5  __aeabi_ddiv                                                      
00002fd5  __aeabi_dmul                                                      
00001d79  __aeabi_dsub                                                      
00005bbf  __aeabi_i2d                                                       
00003fe7  __aeabi_idiv0                                                     
00003fe7  __aeabi_ldiv0                                                     
0000443f  __aeabi_memclr                                                    
0000443f  __aeabi_memclr4                                                   
0000443f  __aeabi_memclr8                                                   
00003e11  __aeabi_memcpy                                                    
00003e11  __aeabi_memcpy4                                                   
00003e11  __aeabi_memcpy8                                                   
00004441  __aeabi_memset                                                    
00004441  __aeabi_memset4                                                   
00004441  __aeabi_memset8                                                   
0000548d  __aeabi_uidiv                                                     
0000548d  __aeabi_uidivmod                                                  
ffffffff  __binit__                                                         
ffffffff  __c_args__                                                        
20001330  __stack                                                           
20000000  __start___llvm_prf_cnts                                           
20000000  __stop___llvm_prf_cnts                                            
000062f5  _args_main                                                        
00004be9  _c_int00                                                          
200012c0  _lock                                                             
00001f2f  _nop                                                              
00006681  _register_lock                                                    
0000668d  _register_unlock                                                  
200012c4  _unlock                                                           
000020a5  abort                                                             
00000ac9  atan                                                              
00001b95  atan2                                                             
00001b95  atan2l                                                            
00000ac9  atanl                                                             
ffffffff  binit                                                             
00004f7d  copy_in                                                           
20000ed0  desiredAngle                                                      
00002cd1  getPIDConstants                                                   
20001208  iteration                                                         
20000ed8  kd                                                                
20000ef8  kd_raw                                                            
20000ee0  ki                                                                
20000efc  ki_raw                                                            
20000ee8  kp                                                                
20000f00  kp_raw                                                            
200011e8  lasterror                                                         
000060c1  leftMotorForward                                                  
000060dd  leftMotorReverse                                                  
0000567d  leftMotorSetSpeed                                                 
00005839  main                                                              
200011dc  main_func_sp                                                      
00003e11  memcpy                                                            
00004447  memset                                                            
000065a1  osi_TaskDisable                                                   
00006541  osi_start                                                         
20000ef0  parmbuf                                                           
000017a9  readData                                                          
000060f9  rightMotorForward                                                 
00006115  rightMotorReverse                                                 
000056b5  rightMotorSetSpeed                                                
00006411  strlen                                                            
200011f0  sumError                                                          
000080f4  ti_catalog_arm_cortexm4_tiva_ce_Boot_A_mustUseEnhancedClockMode__C
00008504  ti_catalog_arm_cortexm4_tiva_ce_Boot_Module__diagsEnabled__C      
00008508  ti_catalog_arm_cortexm4_tiva_ce_Boot_Module__diagsIncluded__C     
0000850c  ti_catalog_arm_cortexm4_tiva_ce_Boot_Module__diagsMask__C         
000084ca  ti_catalog_arm_cortexm4_tiva_ce_Boot_Module__id__C                
00006669  ti_catalog_arm_cortexm4_tiva_ce_Boot_init__I                      
00002dd5  ti_catalog_arm_cortexm4_tiva_ce_Boot_sysCtlClockSetI__I           
00003fe9  ti_catalog_arm_cortexm4_tiva_ce_Boot_sysCtlClockSet__E            
000064f3  ti_catalog_arm_cortexm4_tiva_ce_Boot_sysCtlDelayI__I              
20001238  ti_sysbios_BIOS_Module__state__V                                  
00006229  ti_sysbios_BIOS_RtsGateProxy_Handle__label__S                     
00005e21  ti_sysbios_BIOS_RtsGateProxy_Object__delete__S                    
0000236d  ti_sysbios_BIOS_RtsGateProxy_enter__E                             
000034a5  ti_sysbios_BIOS_RtsGateProxy_leave__E                             
000067a9  ti_sysbios_BIOS_RtsGateProxy_query__E                             
0000597d  ti_sysbios_BIOS_atExitFunc__I                                     
[...]
00006639  __TI_decompress_none                                              
00006649  ti_sysbios_knl_Idle_loop__E                                       
00006659  ti_sysbios_knl_Queue_empty__E                                     
00006669  ti_catalog_arm_cortexm4_tiva_ce_Boot_init__I                      
00006675  PWMGenEnable                                                      
00006681  _register_lock                                                    
0000668d  _register_unlock                                                  
00006699  __TI_zero_init                                                    
000066a9  ti_sysbios_family_arm_lm4_Timer_getMaxTicks__E                    
000066b9  ti_sysbios_family_arm_m3_TaskSupport_checkStack__E                
000066b9  ti_sysbios_knl_Task_SupportProxy_checkStack__E                    
000066c9  ti_sysbios_gates_GateHwi_enter__E                                 
000066d5  ti_sysbios_knl_Queue_Object__get__S                               
000066e1  xdc_runtime_Error_init__E                                         
000066ed  xdc_runtime_Gate_enterSystem__E                                   
000066f9  xdc_runtime_Memory_calloc__E                                      
00006705  xdc_runtime_Memory_getMaxDefaultTypeAlign__E                      
00006711  ADCIntClear                                                       
0000671b  I2CMasterEnable                                                   
00006725  UARTCharPut                                                       
0000672f  xdc_runtime_Memory_HeapProxy_alloc__E                             
00006739  xdc_runtime_Memory_HeapProxy_free__E                              
00006743  I2CMasterBusy                                                     
0000674b  I2CMasterSlaveAddrSet                                             
00006753  TimerIntEnable                                                    
0000675b  ti_sysbios_family_arm_lm4_Timer_masterDisable__I                  
00006763  xdc_runtime_System_Module_startup__E                              
00006769  ti_sysbios_family_arm_m3_Hwi_doSwiRestore__I                      
00006771  ti_sysbios_family_arm_m3_Hwi_startup__E                           
00006771  ti_sysbios_hal_Hwi_HwiProxy_startup__E                            
00006771  ti_sysbios_hal_Hwi_startup__E                                     
00006779  ti_sysbios_family_arm_m3_Hwi_doTaskRestore__I                     
00006781  ti_sysbios_gates_GateHwi_leave__E                                 
00006789  ti_sysbios_heaps_HeapMem_isBlocking__E                            
00006791  ti_sysbios_knl_Queue_Instance_init__E                             
00006799  ti_sysbios_knl_Swi_startup__E                                     
000067a1  ti_sysbios_gates_GateHwi_query__E                                 
000067a1  xdc_runtime_Main_Module_GateProxy_query__E                        
000067a1  xdc_runtime_System_Module_GateProxy_query__E                      
000067a9  ti_sysbios_BIOS_RtsGateProxy_query__E                             
000067a9  ti_sysbios_gates_GateMutex_query__E                               
000067a9  ti_sysbios_heaps_HeapMem_Module_GateProxy_query__E                
000067b1  ti_sysbios_knl_Task_startup__E                                    
000067b9  ti_sysbios_gates_GateHwi_Instance_init__E                         
000067c1  ti_sysbios_knl_Clock_logTick__E                                   
000067c8  xdc_runtime_Text_charTab__A                                       
00008037  xdc_runtime_Error_policy__C                                       
00008038  xdc_runtime_Text_nodeTab__A                                       
000080f4  ti_catalog_arm_cortexm4_tiva_ce_Boot_A_mustUseEnhancedClockMode__C
000082d4  ti_sysbios_heaps_HeapMem_Module__FXNS__C                          
000082fc  ti_sysbios_gates_GateHwi_Module__FXNS__C                          
00008320  ti_sysbios_gates_GateMutex_Module__FXNS__C                        
00008344  ti_sysbios_heaps_HeapMem_Object__PARAMS__C                        
00008368  ti_sysbios_knl_Semaphore_Object__PARAMS__C                        
0000838c  ti_sysbios_gates_GateHwi_Object__DESC__C                          
000083ac  ti_sysbios_gates_GateMutex_Object__DESC__C                        
000083cc  ti_sysbios_heaps_HeapMem_Object__DESC__C                          
000083ec  ti_sysbios_knl_Queue_Object__DESC__C                              
0000840c  ti_sysbios_knl_Semaphore_Object__DESC__C                          
0000842c  xdc_runtime_Startup_sfxnTab__A                                    
0000844c  ti_sysbios_gates_GateHwi_Object__PARAMS__C                        
00008464  ti_sysbios_gates_GateMutex_Object__PARAMS__C                      
0000847c  ti_sysbios_knl_Queue_Object__PARAMS__C                            
00008494  xdc_runtime_Startup_firstFxns__A                                  
000084ba  xdc_runtime_Startup_sfxnRts__A                                    
000084ca  ti_catalog_arm_cortexm4_tiva_ce_Boot_Module__id__C                
000084e4  ti_sysbios_family_arm_m3_Hwi_excHookFuncs__A                      
000084ec  ti_sysbios_knl_Idle_funcList__C                                   
000084f4  xdc_runtime_Startup_firstFxns__C                                  
000084fc  xdc_runtime_Startup_lastFxns__C                                   
00008504  ti_catalog_arm_cortexm4_tiva_ce_Boot_Module__diagsEnabled__C      
00008508  ti_catalog_arm_cortexm4_tiva_ce_Boot_Module__diagsIncluded__C     
0000850c  ti_catalog_arm_cortexm4_tiva_ce_Boot_Module__diagsMask__C         
00008510  ti_sysbios_family_arm_lm4_Timer_enableFunc__C                     
00008514  ti_sysbios_family_arm_lm4_Timer_numTimerDevices__C                
00008518  ti_sysbios_family_arm_lm4_Timer_startupNeeded__C                  
0000851c  ti_sysbios_family_arm_m3_Hwi_E_NMI__C                             
00008520  ti_sysbios_family_arm_m3_Hwi_E_busFault__C                        
00008524  ti_sysbios_family_arm_m3_Hwi_E_debugMon__C                        
00008528  ti_sysbios_family_arm_m3_Hwi_E_hardFault__C                       
0000852c  ti_sysbios_family_arm_m3_Hwi_E_memFault__C                        
00008530  ti_sysbios_family_arm_m3_Hwi_E_noIsr__C                           
00008534  ti_sysbios_family_arm_m3_Hwi_E_reserved__C                        
00008538  ti_sysbios_family_arm_m3_Hwi_E_svCall__C                          
0000853c  ti_sysbios_family_arm_m3_Hwi_E_usageFault__C                      
00008540  ti_sysbios_family_arm_m3_Hwi_NUM_INTERRUPTS__C                    
00008544  ti_sysbios_family_arm_m3_Hwi_Object__count__C                     
00008548  ti_sysbios_family_arm_m3_Hwi_ccr__C                               
0000854c  ti_sysbios_family_arm_m3_Hwi_excHandlerFunc__C                    
00008550  ti_sysbios_family_arm_m3_Hwi_excHookFuncs__C                      
00008554  ti_sysbios_family_arm_m3_Hwi_nullIsrFunc__C                       
00008558  ti_sysbios_family_arm_m3_Hwi_priGroup__C                          
0000855c  ti_sysbios_gates_GateMutex_A_badContext__C                        
00008560  ti_sysbios_gates_GateMutex_Instance_State_sem__O                  
00008564  ti_sysbios_gates_GateMutex_Module__diagsEnabled__C                
00008568  ti_sysbios_gates_GateMutex_Module__diagsIncluded__C               
0000856c  ti_sysbios_gates_GateMutex_Module__diagsMask__C                   
00008570  ti_sysbios_hal_Hwi_E_stackOverflow__C                             
00008574  ti_sysbios_heaps_HeapMem_A_align__C                               
00008578  ti_sysbios_heaps_HeapMem_A_heapSize__C                            
0000857c  ti_sysbios_heaps_HeapMem_A_invalidFree__C                         
00008580  ti_sysbios_heaps_HeapMem_A_zeroBlock__C                           
00008584  ti_sysbios_heaps_HeapMem_E_memory__C                              
00008588  ti_sysbios_heaps_HeapMem_Module__diagsEnabled__C                  
0000858c  ti_sysbios_heaps_HeapMem_Module__diagsIncluded__C                 
00008590  ti_sysbios_heaps_HeapMem_Module__diagsMask__C                     
00008594  ti_sysbios_heaps_HeapMem_Module__gateObj__C                       
00008598  ti_sysbios_heaps_HeapMem_Object__count__C                         
0000859c  ti_sysbios_heaps_HeapMem_reqAlign__C                              
000085a0  ti_sysbios_knl_Clock_Module_State_clockQ__O                       
000085a4  ti_sysbios_knl_Idle_funcList__A                                   
000085a8  ti_sysbios_knl_Semaphore_A_badContext__C                          
000085ac  ti_sysbios_knl_Semaphore_A_noEvents__C                            
000085b0  ti_sysbios_knl_Semaphore_A_overflow__C                            
000085b4  ti_sysbios_knl_Semaphore_A_pendTaskDisabled__C                    
000085b8  ti_sysbios_knl_Semaphore_Instance_State_pendQ__O                  
000085bc  ti_sysbios_knl_Semaphore_Module__diagsEnabled__C                  
000085c0  ti_sysbios_knl_Semaphore_Module__diagsIncluded__C                 
000085c4  ti_sysbios_knl_Semaphore_Module__diagsMask__C                     
000085c8  ti_sysbios_knl_Swi_Object__count__C                               
000085cc  ti_sysbios_knl_Task_E_spOutOfBounds__C                            
000085d0  ti_sysbios_knl_Task_E_stackOverflow__C                            
000085d4  ti_sysbios_knl_Task_Module_State_inactiveQ__O                     
000085d8  ti_sysbios_knl_Task_Object__count__C                              
000085dc  ti_sysbios_knl_Task_allBlockedFunc__C                             
000085e0  ti_sysbios_knl_Task_numConstructedTasks__C                        
000085e8  xdc_runtime_Assert_E_assertFailed__C                              
000085ec  xdc_runtime_Core_A_initializedParams__C                           
000085f0  xdc_runtime_Core_Module__diagsEnabled__C                          
000085f4  xdc_runtime_Core_Module__diagsIncluded__C                         
000085f8  xdc_runtime_Core_Module__diagsMask__C                             
000085fc  xdc_runtime_Error_E_memory__C                                     
00008600  xdc_runtime_Error_Module__diagsEnabled__C                         
00008604  xdc_runtime_Error_Module__diagsIncluded__C                        
00008608  xdc_runtime_Error_Module__diagsMask__C                            
0000860c  xdc_runtime_Error_Module__loggerFxn8__C                           
00008610  xdc_runtime_Error_Module__loggerObj__C                            
00008614  xdc_runtime_Error_policyFxn__C                                    
00008618  xdc_runtime_Error_raiseHook__C                                    
0000861c  xdc_runtime_IGateProvider_Interface__BASE__C                      
00008620  xdc_runtime_IHeap_Interface__BASE__C                              
00008624  xdc_runtime_IModule_Interface__BASE__C                            
00008628  xdc_runtime_Log_L_error__C                                        
0000862c  xdc_runtime_Memory_defaultHeapInstance__C                         
00008630  xdc_runtime_Startup_execImpl__C                                   
00008634  xdc_runtime_Startup_maxPasses__C                                  
00008638  xdc_runtime_Startup_sfxnRts__C                                    
0000863c  xdc_runtime_Startup_sfxnTab__C                                    
00008640  xdc_runtime_SysMin_bufSize__C                                     
00008644  xdc_runtime_SysMin_outputFunc__C                                  
00008648  xdc_runtime_System_Module__gateObj__C                             
0000864c  xdc_runtime_System_abortFxn__C                                    
00008650  xdc_runtime_System_exitFxn__C                                     
00008654  xdc_runtime_System_extendFxn__C                                   
00008658  xdc_runtime_System_maxAtexitHandlers__C                           
0000865c  xdc_runtime_Text_charTab__C                                       
00008660  xdc_runtime_Text_nameEmpty__C                                     
00008664  xdc_runtime_Text_nameStatic__C                                    
00008668  xdc_runtime_Text_nameUnknown__C                                   
0000866c  xdc_runtime_Text_nodeTab__C                                       
00008670  xdc_runtime_Text_visitRopeFxn__C                                  
00008674  ti_sysbios_family_arm_m3_Hwi_Module__id__C                        
00008676  ti_sysbios_gates_GateMutex_Module__id__C                          
00008678  ti_sysbios_hal_Hwi_Module__id__C                                  
0000867a  ti_sysbios_heaps_HeapMem_Module__id__C                            
0000867c  ti_sysbios_knl_Semaphore_Module__id__C                            
0000867e  ti_sysbios_knl_Task_Module__id__C                                 
00008680  xdc_runtime_Core_Module__id__C                                    
00008682  xdc_runtime_Error_Module__loggerDefined__C                        
00008684  xdc_runtime_Error_maxDepth__C                                     
00008686  xdc_runtime_Memory_Module__id__C                                  
00008688  xdc_runtime_SysMin_flushAtExit__C                                 
0000868a  xdc_runtime_Text_charCnt__C                                       
0000868c  xdc_runtime_Text_isLoaded__C                                      
0000868e  xdc_runtime_Text_registryModsLastId__C                            
00008690  xdc_runtime_Text_unnamedModsLastId__C                             
00008698  __TI_static_base__                                                
0000885c  __TI_Handler_Table_Base                                           
00008868  __TI_Handler_Table_Limit                                          
00008878  __TI_CINIT_Base                                                   
00008890  __TI_CINIT_Limit                                                  
20000000  __start___llvm_prf_cnts                                           
20000000  __stop___llvm_prf_cnts                                            
20000000  ti_sysbios_family_arm_m3_Hwi_ramVectors                           
20000360  ti_sysbios_heaps_HeapMem_Instance_State_0_buf__A                  
20000760  ti_sysbios_family_arm_m3_Hwi_dispatchTable                        
20000ac0  ti_sysbios_knl_Task_Instance_State_0_stack__A                     
20000cc0  __CIOBUF_                                                         
20000de0  xdc_runtime_SysMin_Module_State_0_outbuf__A                       
20000e60  MPU6050                                                           
20000ec8  CalibratedZeroAngle                                               
20000ed0  desiredAngle                                                      
20000ed8  kd                                                                
20000ee0  ki                                                                
20000ee8  kp                                                                
20000ef0  parmbuf                                                           
20000ef8  kd_raw                                                            
20000efc  ki_raw                                                            
20000f00  kp_raw                                                            
20000f04  AccelX                                                            
20000f06  AccelY                                                            
20000f08  AccelZ                                                            
20000f0a  GyroX                                                             
20000f0c  GyroY                                                             
20000f0e  GyroZ                                                             
20000f10  ti_sysbios_knl_Swi_Module_State_0_readyQ__A                       
20000f90  ti_sysbios_knl_Task_Module_State_0_readyQ__A                      
20001010  ti_sysbios_knl_Task_Object__table__V                              
2000105c  ti_sysbios_knl_Task_Module__state__V                              
200010a0  ti_sysbios_family_arm_lm4_Timer_Object__table__V                  
200010e0  ti_sysbios_gates_GateMutex_Object__table__V                       
20001118  ti_sysbios_family_arm_m3_Hwi_Module__state__V                     
2000114c  ti_sysbios_family_arm_lm4_Timer_Module_State_0_device__A          
2000117c  ti_sysbios_family_arm_m3_Hwi_Object__table__V                     
200011ac  ti_sysbios_knl_Swi_Object__table__V                               
200011dc  main_func_sp                                                      
200011e0  GyroYOffset                                                       
200011e8  lasterror                                                         
200011f0  sumError                                                          
200011f8  FilteredAngle                                                     
20001200  turningleft                                                       
20001204  turningright                                                      
20001208  iteration                                                         
2000120c  ti_sysbios_knl_Clock_Module__state__V                             
20001238  ti_sysbios_BIOS_Module__state__V                                  
2000125c  ti_sysbios_knl_Swi_Module__state__V                               
20001278  ti_sysbios_family_arm_lm4_Timer_Module_State_0_handles__A         
20001290  ti_sysbios_heaps_HeapMem_Object__table__V                         
200012a8  ti_sysbios_family_arm_lm4_Timer_Module__state__V                  
200012b4  xdc_runtime_SysMin_Module__state__V                               
200012c0  _lock                                                             
200012c4  _unlock                                                           
200012c8  ti_sysbios_gates_GateHwi_Module__root__V                          
200012d0  ti_sysbios_gates_GateMutex_Module__root__V                        
200012d8  ti_sysbios_heaps_HeapMem_Module__root__V                          
200012e0  ti_sysbios_knl_Queue_Module__root__V                              
200012e8  ti_sysbios_knl_Semaphore_Module__root__V                          
200012f0  xdc_runtime_Registry_Module__state__V                             
200012f8  xdc_runtime_Startup_Module__state__V                              
20001300  xdc_runtime_System_Module_State_0_atexitHandlers__A               
20001308  xdc_runtime_System_Module__state__V                               
20001316  ti_sysbios_family_arm_m3_Hwi_Module_State_0_excActive__A          
20001318  ti_sysbios_family_arm_m3_Hwi_Module_State_0_excContext__A         
2000131c  ti_sysbios_family_arm_m3_Hwi_Module_State_0_excStack__A           
20001320  ti_sysbios_gates_GateHwi_Object__table__V                         
20001324  ti_sysbios_knl_Task_Module_State_0_idleTask__A                    
20001328  xdc_runtime_Memory_Module__state__V                               
2000132c  xdc_runtime_Error_Module__state__V                                
20001330  __stack                                                           
20001630  __STACK_END                                                       
e000e000  ti_sysbios_family_arm_m3_Hwi_nvic                                 
ffffffff  __TI_pprof_out_hndl                                               
ffffffff  __TI_prof_data_size                                               
ffffffff  __TI_prof_data_start                                              
ffffffff  __binit__                                                         
ffffffff  __c_args__                                                        
ffffffff  binit                                                             
UNDEFED   SHT$$INIT_ARRAY$$Base                                             
UNDEFED   SHT$$INIT_ARRAY$$Limit                                            

[586 symbols]
